Archive member included to satisfy reference by file (symbol)

/usr/lib/gcc/arm-none-eabi/9.2.1/../../../arm-none-eabi/lib/thumb/v6-m/nofp/libstdc++.a(guard.o)
                              CMakeFiles/20x4_display.dir/home/ubuntu/pico/projects/EX-6/Pico-I2C-LCD/LCD_I2C.cpp.obj (__cxa_guard_acquire)
/usr/lib/gcc/arm-none-eabi/9.2.1/../../../arm-none-eabi/lib/thumb/v6-m/nofp/libstdc++.a(guard_error.o)
                              /usr/lib/gcc/arm-none-eabi/9.2.1/../../../arm-none-eabi/lib/thumb/v6-m/nofp/libstdc++.a(guard.o) (__gnu_cxx::recursive_init_error::~recursive_init_error())
/usr/lib/gcc/arm-none-eabi/9.2.1/../../../arm-none-eabi/lib/thumb/v6-m/nofp/libstdc++.a(si_class_type_info.o)
                              /usr/lib/gcc/arm-none-eabi/9.2.1/../../../arm-none-eabi/lib/thumb/v6-m/nofp/libstdc++.a(guard_error.o) (vtable for __cxxabiv1::__si_class_type_info)
/usr/lib/gcc/arm-none-eabi/9.2.1/../../../arm-none-eabi/lib/thumb/v6-m/nofp/libstdc++.a(tinfo.o)
                              /usr/lib/gcc/arm-none-eabi/9.2.1/../../../arm-none-eabi/lib/thumb/v6-m/nofp/libstdc++.a(si_class_type_info.o) (std::type_info::__is_pointer_p() const)
/usr/lib/gcc/arm-none-eabi/9.2.1/../../../arm-none-eabi/lib/thumb/v6-m/nofp/libstdc++.a(functexcept.o)
                              CMakeFiles/20x4_display.dir/home/ubuntu/pico/projects/EX-6/Pico-I2C-LCD/LCD_I2C.cpp.obj (std::__throw_out_of_range_fmt(char const*, ...))
/usr/lib/gcc/arm-none-eabi/9.2.1/../../../arm-none-eabi/lib/thumb/v6-m/nofp/libstdc++.a(snprintf_lite.o)
                              /usr/lib/gcc/arm-none-eabi/9.2.1/../../../arm-none-eabi/lib/thumb/v6-m/nofp/libstdc++.a(functexcept.o) (__gnu_cxx::__snprintf_lite(char*, unsigned int, char const*, std::__va_list))
/usr/lib/gcc/arm-none-eabi/9.2.1/../../../arm-none-eabi/lib/thumb/v6-m/nofp/libstdc++.a(bad_alloc.o)
                              /usr/lib/gcc/arm-none-eabi/9.2.1/../../../arm-none-eabi/lib/thumb/v6-m/nofp/libstdc++.a(functexcept.o) (std::bad_alloc::~bad_alloc())
/usr/lib/gcc/arm-none-eabi/9.2.1/../../../arm-none-eabi/lib/thumb/v6-m/nofp/libstdc++.a(bad_cast.o)
                              /usr/lib/gcc/arm-none-eabi/9.2.1/../../../arm-none-eabi/lib/thumb/v6-m/nofp/libstdc++.a(functexcept.o) (std::bad_cast::~bad_cast())
/usr/lib/gcc/arm-none-eabi/9.2.1/../../../arm-none-eabi/lib/thumb/v6-m/nofp/libstdc++.a(bad_typeid.o)
                              /usr/lib/gcc/arm-none-eabi/9.2.1/../../../arm-none-eabi/lib/thumb/v6-m/nofp/libstdc++.a(functexcept.o) (std::bad_typeid::~bad_typeid())
/usr/lib/gcc/arm-none-eabi/9.2.1/../../../arm-none-eabi/lib/thumb/v6-m/nofp/libstdc++.a(class_type_info.o)
                              /usr/lib/gcc/arm-none-eabi/9.2.1/../../../arm-none-eabi/lib/thumb/v6-m/nofp/libstdc++.a(si_class_type_info.o) (__cxxabiv1::__class_type_info::__do_upcast(__cxxabiv1::__class_type_info const*, void**) const)
/usr/lib/gcc/arm-none-eabi/9.2.1/../../../arm-none-eabi/lib/thumb/v6-m/nofp/libstdc++.a(eh_alloc.o)
                              /usr/lib/gcc/arm-none-eabi/9.2.1/../../../arm-none-eabi/lib/thumb/v6-m/nofp/libstdc++.a(guard.o) (__cxa_allocate_exception)
/usr/lib/gcc/arm-none-eabi/9.2.1/../../../arm-none-eabi/lib/thumb/v6-m/nofp/libstdc++.a(eh_arm.o)
                              /usr/lib/gcc/arm-none-eabi/9.2.1/../../../arm-none-eabi/lib/thumb/v6-m/nofp/libstdc++.a(functexcept.o) (__cxa_end_cleanup)
/usr/lib/gcc/arm-none-eabi/9.2.1/../../../arm-none-eabi/lib/thumb/v6-m/nofp/libstdc++.a(eh_exception.o)
                              /usr/lib/gcc/arm-none-eabi/9.2.1/../../../arm-none-eabi/lib/thumb/v6-m/nofp/libstdc++.a(guard_error.o) (std::exception::~exception())
/usr/lib/gcc/arm-none-eabi/9.2.1/../../../arm-none-eabi/lib/thumb/v6-m/nofp/libstdc++.a(eh_globals.o)
                              /usr/lib/gcc/arm-none-eabi/9.2.1/../../../arm-none-eabi/lib/thumb/v6-m/nofp/libstdc++.a(eh_arm.o) (__cxa_get_globals)
/usr/lib/gcc/arm-none-eabi/9.2.1/../../../arm-none-eabi/lib/thumb/v6-m/nofp/libstdc++.a(eh_personality.o)
                              /usr/lib/gcc/arm-none-eabi/9.2.1/../../../arm-none-eabi/lib/thumb/v6-m/nofp/libstdc++.a(functexcept.o) (__gxx_personality_v0)
/usr/lib/gcc/arm-none-eabi/9.2.1/../../../arm-none-eabi/lib/thumb/v6-m/nofp/libstdc++.a(eh_terminate.o)
                              /usr/lib/gcc/arm-none-eabi/9.2.1/../../../arm-none-eabi/lib/thumb/v6-m/nofp/libstdc++.a(eh_alloc.o) (std::terminate())
/usr/lib/gcc/arm-none-eabi/9.2.1/../../../arm-none-eabi/lib/thumb/v6-m/nofp/libstdc++.a(eh_throw.o)
                              /usr/lib/gcc/arm-none-eabi/9.2.1/../../../arm-none-eabi/lib/thumb/v6-m/nofp/libstdc++.a(guard.o) (__cxa_throw)
/usr/lib/gcc/arm-none-eabi/9.2.1/../../../arm-none-eabi/lib/thumb/v6-m/nofp/libstdc++.a(eh_unex_handler.o)
                              /usr/lib/gcc/arm-none-eabi/9.2.1/../../../arm-none-eabi/lib/thumb/v6-m/nofp/libstdc++.a(eh_terminate.o) (__cxxabiv1::__unexpected_handler)
[...]
Memory Configuration

Name             Origin             Length             Attributes
FLASH            0x0000000010000000 0x0000000000200000 xr
RAM              0x0000000020000000 0x0000000000040000 xrw
SCRATCH_X        0x0000000020040000 0x0000000000001000 xrw
SCRATCH_Y        0x0000000020041000 0x0000000000001000 xrw
*default*        0x0000000000000000 0xffffffffffffffff

Linker script and memory map

LOAD /usr/lib/gcc/arm-none-eabi/9.2.1/thumb/v6-m/nofp/crti.o
LOAD /usr/lib/gcc/arm-none-eabi/9.2.1/thumb/v6-m/nofp/crtbegin.o
LOAD /usr/lib/gcc/arm-none-eabi/9.2.1/../../../arm-none-eabi/lib/thumb/v6-m/nofp/crt0.o

.flash_begin    0x0000000010000000        0x0
                0x0000000010000000                __flash_binary_start = .

.boot2          0x0000000010000000      0x100
                0x0000000010000000                __boot2_start__ = .
 *(.boot2)
 .boot2         0x0000000010000000      0x100 /tmp/cckmonSS.o
                0x0000000010000100                __boot2_end__ = .
                0x0000000000000001                ASSERT (((__boot2_end__ - __boot2_start__) == 0x100), ERROR: Pico second stage bootloader must be 256 bytes in size)

.text           0x0000000010000100     0x60b0
                0x0000000010000100                __logical_binary_start = .
 *(.vectors)
 .vectors       0x0000000010000100       0xd4 CMakeFiles/20x4_display.dir/home/ubuntu/pico/pico-sdk/src/rp2_common/pico_standard_link/crt0.S.obj
                0x0000000010000100                __vectors
                0x0000000010000100                __VECTOR_TABLE
                0x00000000100001c0                isr_invalid
                0x00000000100001c0                __default_isrs_start
                0x00000000100001c2                isr_nmi
                0x00000000100001c4                isr_hardfault
                0x00000000100001c6                isr_svcall
                0x00000000100001c8                isr_pendsv
                0x00000000100001ca                isr_systick
                0x00000000100001cc                isr_irq30
                0x00000000100001cc                __unhandled_user_irq
                0x00000000100001cc                isr_irq13
                0x00000000100001cc                isr_irq27
                0x00000000100001cc                isr_irq31
                0x00000000100001cc                isr_irq5
                0x00000000100001cc                isr_irq11
                0x00000000100001cc                isr_irq23
                0x00000000100001cc                isr_irq18
                0x00000000100001cc                isr_irq28
                0x00000000100001cc                isr_irq19
                0x00000000100001cc                isr_irq0
                0x00000000100001cc                isr_irq6
                0x00000000100001cc                isr_irq22
                0x00000000100001cc                isr_irq17
                0x00000000100001cc                isr_irq14
                0x00000000100001cc                isr_irq2
                0x00000000100001cc                isr_irq10
                0x00000000100001cc                isr_irq8
                0x00000000100001cc                isr_irq24
                0x00000000100001cc                isr_irq1
                0x00000000100001cc                isr_irq7
                0x00000000100001cc                isr_irq21
                0x00000000100001cc                isr_irq20
                0x00000000100001cc                isr_irq15
                0x00000000100001cc                isr_irq25
                0x00000000100001cc                isr_irq4
                0x00000000100001cc                isr_irq16
                0x00000000100001cc                isr_irq29
                0x00000000100001cc                isr_irq26
                0x00000000100001cc                __default_isrs_end
                0x00000000100001cc                isr_irq3
                0x00000000100001cc                isr_irq12
                0x00000000100001cc                isr_irq9
                0x00000000100001d2                unhandled_user_irq_num_in_r0
 *(.binary_info_header)
 .binary_info_header
                0x00000000100001d4       0x14 CMakeFiles/20x4_display.dir/home/ubuntu/pico/pico-sdk/src/rp2_common/pico_standard_link/crt0.S.obj
                0x00000000100001e8                __binary_info_header_end = .
 *(.reset)
 .reset         0x00000000100001e8       0xa0 CMakeFiles/20x4_display.dir/home/ubuntu/pico/pico-sdk/src/rp2_common/pico_standard_link/crt0.S.obj
                0x00000000100001e8                _entry_point
 .reset         0x0000000010000288       0x30 CMakeFiles/20x4_display.dir/home/ubuntu/pico/pico-sdk/src/rp2_common/pico_standard_link/binary_info.c.obj
 *(.init)
 .init          0x00000000100002b8        0x4 /usr/lib/gcc/arm-none-eabi/9.2.1/thumb/v6-m/nofp/crti.o
                0x00000000100002b8                _init
 *(EXCLUDE_FILE(*libm.a: *libc.a:*lib_a-mem*.o *libgcc.a:) .text*)
 .text          0x00000000100002bc       0x98 /usr/lib/gcc/arm-none-eabi/9.2.1/thumb/v6-m/nofp/crtbegin.o
 .text.startup.main
                0x0000000010000354       0xb8 CMakeFiles/20x4_display.dir/main.cpp.obj
                0x0000000010000354                main
 .text._ZNK7LCD_I2C14I2C_Write_ByteEh
                0x000000001000040c       0x20 CMakeFiles/20x4_display.dir/home/ubuntu/pico/projects/EX-6/Pico-I2C-LCD/LCD_I2C.cpp.obj
                0x000000001000040c                LCD_I2C::I2C_Write_Byte(unsigned char) const
 .text._ZNK7LCD_I2C12Pulse_EnableEh
                0x000000001000042c       0x3c CMakeFiles/20x4_display.dir/home/ubuntu/pico/projects/EX-6/Pico-I2C-LCD/LCD_I2C.cpp.obj
                0x000000001000042c                LCD_I2C::Pulse_Enable(unsigned char) const
 .text._ZNK7LCD_I2C9Send_ByteEhh
                0x0000000010000468       0x44 CMakeFiles/20x4_display.dir/home/ubuntu/pico/projects/EX-6/Pico-I2C-LCD/LCD_I2C.cpp.obj
                0x0000000010000468                LCD_I2C::Send_Byte(unsigned char, unsigned char) const
 .text._ZNK7LCD_I2C12Send_CommandEh
                0x00000000100004ac        0xa CMakeFiles/20x4_display.dir/home/ubuntu/pico/projects/EX-6/Pico-I2C-LCD/LCD_I2C.cpp.obj
                0x00000000100004ac                LCD_I2C::Send_Command(unsigned char) const
 .text._ZN7LCD_I2C9DisplayOnEv
                0x00000000100004b6       0x14 CMakeFiles/20x4_display.dir/home/ubuntu/pico/projects/EX-6/Pico-I2C-LCD/LCD_I2C.cpp.obj
                0x00000000100004b6                LCD_I2C::DisplayOn()
 .text._ZN7LCD_I2C11BacklightOnEv
                0x00000000100004ca        0xc CMakeFiles/20x4_display.dir/home/ubuntu/pico/projects/EX-6/Pico-I2C-LCD/LCD_I2C.cpp.obj
                0x00000000100004ca                LCD_I2C::BacklightOn()
 .text._ZNK7LCD_I2C5ClearEv
                0x00000000100004d6        0xa CMakeFiles/20x4_display.dir/home/ubuntu/pico/projects/EX-6/Pico-I2C-LCD/LCD_I2C.cpp.obj
                0x00000000100004d6                LCD_I2C::Clear() const
 .text._ZNK7LCD_I2C4HomeEv
                0x00000000100004e0        0xa CMakeFiles/20x4_display.dir/home/ubuntu/pico/projects/EX-6/Pico-I2C-LCD/LCD_I2C.cpp.obj
                0x00000000100004e0                LCD_I2C::Home() const
 *fill*         0x00000000100004ea        0x2 
 .text._ZN7LCD_I2CC2EhhhP8i2c_instjj
                0x00000000100004ec       0xa0 CMakeFiles/20x4_display.dir/home/ubuntu/pico/projects/EX-6/Pico-I2C-LCD/LCD_I2C.cpp.obj
                0x00000000100004ec                LCD_I2C::LCD_I2C(unsigned char, unsigned char, unsigned char, i2c_inst*, unsigned int, unsigned int)
                0x00000000100004ec                LCD_I2C::LCD_I2C(unsigned char, unsigned char, unsigned char, i2c_inst*, unsigned int, unsigned int)
 .text._ZNK7LCD_I2C9SetCursorEhh
                0x000000001000058c       0x78 CMakeFiles/20x4_display.dir/home/ubuntu/pico/projects/EX-6/Pico-I2C-LCD/LCD_I2C.cpp.obj
                0x000000001000058c                LCD_I2C::SetCursor(unsigned char, unsigned char) const
 .text._ZNK7LCD_I2C11PrintStringESt17basic_string_viewIcSt11char_traitsIcEE
                0x0000000010000604       0x20 CMakeFiles/20x4_display.dir/home/ubuntu/pico/projects/EX-6/Pico-I2C-LCD/LCD_I2C.cpp.obj
                0x0000000010000604                LCD_I2C::PrintString(std::basic_string_view<char, std::char_traits<char> >) const
 .text._ZNK7LCD_I2C15PrintCustomCharEh
                0x0000000010000624        0xa CMakeFiles/20x4_display.dir/home/ubuntu/pico/projects/EX-6/Pico-I2C-LCD/LCD_I2C.cpp.obj
                0x0000000010000624                LCD_I2C::PrintCustomChar(unsigned char) const
 .text._ZNK7LCD_I2C16CreateCustomCharEhSt5arrayIhLj8EE
                0x000000001000062e       0x32 CMakeFiles/20x4_display.dir/home/ubuntu/pico/projects/EX-6/Pico-I2C-LCD/LCD_I2C.cpp.obj
                0x000000001000062e                LCD_I2C::CreateCustomChar(unsigned char, std::array<unsigned char, 8u>) const
 .text.gpio_set_function
                0x0000000010000660       0x2c CMakeFiles/20x4_display.dir/home/ubuntu/pico/pico-sdk/src/rp2_common/hardware_gpio/gpio.c.obj
                0x0000000010000660                gpio_set_function
 .text.gpio_set_pulls
                0x000000001000068c       0x2c CMakeFiles/20x4_display.dir/home/ubuntu/pico/pico-sdk/src/rp2_common/hardware_gpio/gpio.c.obj
                0x000000001000068c                gpio_set_pulls
 .text.running_on_fpga
                0x00000000100006b8       0x10 CMakeFiles/20x4_display.dir/home/ubuntu/pico/pico-sdk/src/rp2_common/pico_platform/platform.c.obj
                0x00000000100006b8                running_on_fpga
 .text.hw_claim_lock
                0x00000000100006c8       0x18 CMakeFiles/20x4_display.dir/home/ubuntu/pico/pico-sdk/src/rp2_common/hardware_claim/claim.c.obj
                0x00000000100006c8                hw_claim_lock
 .text.hw_claim_unlock
                0x00000000100006e0       0x14 CMakeFiles/20x4_display.dir/home/ubuntu/pico/pico-sdk/src/rp2_common/hardware_claim/claim.c.obj
                0x00000000100006e0                hw_claim_unlock
 .text.hw_is_claimed
                0x00000000100006f4       0x16 CMakeFiles/20x4_display.dir/home/ubuntu/pico/pico-sdk/src/rp2_common/hardware_claim/claim.c.obj
                0x00000000100006f4                hw_is_claimed
 .text.hw_claim_or_assert
                0x000000001000070a       0x3a CMakeFiles/20x4_display.dir/home/ubuntu/pico/pico-sdk/src/rp2_common/hardware_claim/claim.c.obj
                0x000000001000070a                hw_claim_or_assert
 .text.spin_locks_reset
                0x0000000010000744       0x1c CMakeFiles/20x4_display.dir/home/ubuntu/pico/pico-sdk/src/rp2_common/hardware_sync/sync.c.obj
                0x0000000010000744                spin_locks_reset
 .text.next_striped_spin_lock_num
                0x0000000010000760       0x18 CMakeFiles/20x4_display.dir/home/ubuntu/pico/pico-sdk/src/rp2_common/hardware_sync/sync.c.obj
                0x0000000010000760                next_striped_spin_lock_num
 .text.set_raw_irq_handler_and_unlock
                0x0000000010000778       0x28 CMakeFiles/20x4_display.dir/home/ubuntu/pico/pico-sdk/src/rp2_common/hardware_irq/irq.c.obj
 .text.resolve_branch
                0x00000000100007a0       0x2c CMakeFiles/20x4_display.dir/home/ubuntu/pico/pico-sdk/src/rp2_common/hardware_irq/irq.c.obj
 .text.make_branch
                0x00000000100007cc       0x40 CMakeFiles/20x4_display.dir/home/ubuntu/pico/pico-sdk/src/rp2_common/hardware_irq/irq.c.obj
 .text.irq_is_enabled
                0x000000001000080c       0x18 CMakeFiles/20x4_display.dir/home/ubuntu/pico/pico-sdk/src/rp2_common/hardware_irq/irq.c.obj
                0x000000001000080c                irq_is_enabled
 .text.irq_set_mask_enabled
                0x0000000010000824       0x20 CMakeFiles/20x4_display.dir/home/ubuntu/pico/pico-sdk/src/rp2_common/hardware_irq/irq.c.obj
                0x0000000010000824                irq_set_mask_enabled
 .text.irq_set_enabled
                0x0000000010000844        0xe CMakeFiles/20x4_display.dir/home/ubuntu/pico/pico-sdk/src/rp2_common/hardware_irq/irq.c.obj
                0x0000000010000844                irq_set_enabled
 *fill*         0x0000000010000852        0x2 
 .text.irq_get_vtable_handler
                0x0000000010000854       0x10 CMakeFiles/20x4_display.dir/home/ubuntu/pico/pico-sdk/src/rp2_common/hardware_irq/irq.c.obj
                0x0000000010000854                irq_get_vtable_handler
 .text.irq_set_exclusive_handler
                0x0000000010000864       0x54 CMakeFiles/20x4_display.dir/home/ubuntu/pico/pico-sdk/src/rp2_common/hardware_irq/irq.c.obj
                0x0000000010000864                irq_set_exclusive_handler
 .text.irq_remove_handler
                0x00000000100008b8      0x18c CMakeFiles/20x4_display.dir/home/ubuntu/pico/pico-sdk/src/rp2_common/hardware_irq/irq.c.obj
                0x00000000100008b8                irq_remove_handler
 .text.irq_add_tail_to_free_list
                0x0000000010000a44       0xdc CMakeFiles/20x4_display.dir/home/ubuntu/pico/pico-sdk/src/rp2_common/hardware_irq/irq.c.obj
                0x0000000010000a44                irq_add_tail_to_free_list
 .text.irq_init_priorities
                0x0000000010000b20       0x24 CMakeFiles/20x4_display.dir/home/ubuntu/pico/pico-sdk/src/rp2_common/hardware_irq/irq.c.obj
                0x0000000010000b20                irq_init_priorities
 .text.lock_init
                0x0000000010000b44       0x10 CMakeFiles/20x4_display.dir/home/ubuntu/pico/pico-sdk/src/common/pico_sync/lock_core.c.obj
                0x0000000010000b44                lock_init
 .text.mutex_init
                0x0000000010000b54       0x1a CMakeFiles/20x4_display.dir/home/ubuntu/pico/pico-sdk/src/common/pico_sync/mutex.c.obj
                0x0000000010000b54                mutex_init
 .text.recursive_mutex_init
                0x0000000010000b6e       0x1a CMakeFiles/20x4_display.dir/home/ubuntu/pico/pico-sdk/src/common/pico_sync/mutex.c.obj
                0x0000000010000b6e                recursive_mutex_init
 .text.time_reached
                0x0000000010000b88       0x28 CMakeFiles/20x4_display.dir/home/ubuntu/pico/pico-sdk/src/common/pico_time/time.c.obj
 .text.alarm_pool_post_alloc_init
                0x0000000010000bb0       0x40 CMakeFiles/20x4_display.dir/home/ubuntu/pico/pico-sdk/src/common/pico_time/time.c.obj
 .text.sleep_until_callback
                0x0000000010000bf0       0x30 CMakeFiles/20x4_display.dir/home/ubuntu/pico/pico-sdk/src/common/pico_time/time.c.obj
 .text.get_entry
                0x0000000010000c20       0x38 CMakeFiles/20x4_display.dir/home/ubuntu/pico/pico-sdk/src/common/pico_time/time.c.obj
 .text.timer_pool_entry_comparator
                0x0000000010000c58       0x2e CMakeFiles/20x4_display.dir/home/ubuntu/pico/pico-sdk/src/common/pico_time/time.c.obj
                0x0000000010000c58                timer_pool_entry_comparator
 *fill*         0x0000000010000c86        0x2 
 .text.update_us_since_boot.isra.0.part.0
                0x0000000010000c88       0x1c CMakeFiles/20x4_display.dir/home/ubuntu/pico/pico-sdk/src/common/pico_time/time.c.obj
 .text.get_absolute_time
                0x0000000010000ca4       0x18 CMakeFiles/20x4_display.dir/home/ubuntu/pico/pico-sdk/src/common/pico_time/time.c.obj
 .text.ph_get_node
                0x0000000010000cbc       0x34 CMakeFiles/20x4_display.dir/home/ubuntu/pico/pico-sdk/src/common/pico_time/time.c.obj
 .text.ph_contains_node
                0x0000000010000cf0       0x18 CMakeFiles/20x4_display.dir/home/ubuntu/pico/pico-sdk/src/common/pico_time/time.c.obj
 .text.ph_add_child_node
                0x0000000010000d08       0x64 CMakeFiles/20x4_display.dir/home/ubuntu/pico/pico-sdk/src/common/pico_time/time.c.obj
 .text.add_alarm_under_lock
                0x0000000010000d6c       0xe4 CMakeFiles/20x4_display.dir/home/ubuntu/pico/pico-sdk/src/common/pico_time/time.c.obj
 .text.get_entry_id_high
                0x0000000010000e50       0x30 CMakeFiles/20x4_display.dir/home/ubuntu/pico/pico-sdk/src/common/pico_time/time.c.obj
 .text.alarm_pool_alarm_callback
                0x0000000010000e80      0x214 CMakeFiles/20x4_display.dir/home/ubuntu/pico/pico-sdk/src/common/pico_time/time.c.obj
 .text.alarm_pool_init_default
                0x0000000010001094       0x3c CMakeFiles/20x4_display.dir/home/ubuntu/pico/pico-sdk/src/common/pico_time/time.c.obj
                0x0000000010001094                alarm_pool_init_default
 .text.alarm_pool_get_default
                0x00000000100010d0       0x28 CMakeFiles/20x4_display.dir/home/ubuntu/pico/pico-sdk/src/common/pico_time/time.c.obj
                0x00000000100010d0                alarm_pool_get_default
 .text.alarm_pool_add_alarm_at
                0x00000000100010f8       0xdc CMakeFiles/20x4_display.dir/home/ubuntu/pico/pico-sdk/src/common/pico_time/time.c.obj
                0x00000000100010f8                alarm_pool_add_alarm_at
 .text.alarm_pool_cancel_alarm
                0x00000000100011d4       0x98 CMakeFiles/20x4_display.dir/home/ubuntu/pico/pico-sdk/src/common/pico_time/time.c.obj
                0x00000000100011d4                alarm_pool_cancel_alarm
 .text.sleep_until
                0x000000001000126c       0xb8 CMakeFiles/20x4_display.dir/home/ubuntu/pico/pico-sdk/src/common/pico_time/time.c.obj
                0x000000001000126c                sleep_until
 .text.sleep_us
                0x0000000010001324       0x28 CMakeFiles/20x4_display.dir/home/ubuntu/pico/pico-sdk/src/common/pico_time/time.c.obj
                0x0000000010001324                sleep_us
 .text.best_effort_wfe_or_timeout
                0x000000001000134c       0x44 CMakeFiles/20x4_display.dir/home/ubuntu/pico/pico-sdk/src/common/pico_time/time.c.obj
                0x000000001000134c                best_effort_wfe_or_timeout
 .text.hardware_alarm_irq_handler
                0x0000000010001390       0x94 CMakeFiles/20x4_display.dir/home/ubuntu/pico/pico-sdk/src/rp2_common/hardware_timer/timer.c.obj
 .text.hardware_alarm_claim
                0x0000000010001424       0x18 CMakeFiles/20x4_display.dir/home/ubuntu/pico/pico-sdk/src/rp2_common/hardware_timer/timer.c.obj
                0x0000000010001424                hardware_alarm_claim
 .text.time_us_64
                0x000000001000143c       0x14 CMakeFiles/20x4_display.dir/home/ubuntu/pico/pico-sdk/src/rp2_common/hardware_timer/timer.c.obj
                0x000000001000143c                time_us_64
 .text.busy_wait_until
                0x0000000010001450       0x1c CMakeFiles/20x4_display.dir/home/ubuntu/pico/pico-sdk/src/rp2_common/hardware_timer/timer.c.obj
                0x0000000010001450                busy_wait_until
 .text.hardware_alarm_set_callback
                0x000000001000146c       0x94 CMakeFiles/20x4_display.dir/home/ubuntu/pico/pico-sdk/src/rp2_common/hardware_timer/timer.c.obj
                0x000000001000146c                hardware_alarm_set_callback
 .text.hardware_alarm_set_target
                0x0000000010001500       0xe0 CMakeFiles/20x4_display.dir/home/ubuntu/pico/pico-sdk/src/rp2_common/hardware_timer/timer.c.obj
                0x0000000010001500                hardware_alarm_set_target
 .text.hardware_alarm_cancel
                0x00000000100015e0       0x40 CMakeFiles/20x4_display.dir/home/ubuntu/pico/pico-sdk/src/rp2_common/hardware_timer/timer.c.obj
                0x00000000100015e0                hardware_alarm_cancel
 .text.ph_get_node
                0x0000000010001620       0x34 CMakeFiles/20x4_display.dir/home/ubuntu/pico/pico-sdk/src/common/pico_util/pheap.c.obj
 .text.ph_add_child_node
                0x0000000010001654       0x64 CMakeFiles/20x4_display.dir/home/ubuntu/pico/pico-sdk/src/common/pico_util/pheap.c.obj
 .text.ph_merge_nodes
                0x00000000100016b8       0x36 CMakeFiles/20x4_display.dir/home/ubuntu/pico/pico-sdk/src/common/pico_util/pheap.c.obj
 .text.ph_clear
                0x00000000100016ee       0x32 CMakeFiles/20x4_display.dir/home/ubuntu/pico/pico-sdk/src/common/pico_util/pheap.c.obj
                0x00000000100016ee                ph_clear
 .text.ph_post_alloc_init
                0x0000000010001720        0xe CMakeFiles/20x4_display.dir/home/ubuntu/pico/pico-sdk/src/common/pico_util/pheap.c.obj
                0x0000000010001720                ph_post_alloc_init
 .text.ph_merge_two_pass
                0x000000001000172e       0x50 CMakeFiles/20x4_display.dir/home/ubuntu/pico/pico-sdk/src/common/pico_util/pheap.c.obj
                0x000000001000172e                ph_merge_two_pass
 *fill*         0x000000001000177e        0x2 
 .text.ph_remove_any_head
                0x0000000010001780       0xa4 CMakeFiles/20x4_display.dir/home/ubuntu/pico/pico-sdk/src/common/pico_util/pheap.c.obj
 .text.ph_remove_head
                0x0000000010001824       0x14 CMakeFiles/20x4_display.dir/home/ubuntu/pico/pico-sdk/src/common/pico_util/pheap.c.obj
                0x0000000010001824                ph_remove_head
 .text.ph_remove_and_free_node
                0x0000000010001838       0x98 CMakeFiles/20x4_display.dir/home/ubuntu/pico/pico-sdk/src/common/pico_util/pheap.c.obj
                0x0000000010001838                ph_remove_and_free_node
 .text.clock_configure
                0x00000000100018d0       0xf4 CMakeFiles/20x4_display.dir/home/ubuntu/pico/pico-sdk/src/rp2_common/hardware_clocks/clocks.c.obj
                0x00000000100018d0                clock_configure
 .text.clocks_init
                0x00000000100019c4       0xf4 CMakeFiles/20x4_display.dir/home/ubuntu/pico/pico-sdk/src/rp2_common/hardware_clocks/clocks.c.obj
                0x00000000100019c4                clocks_init
 .text.clock_get_hz
                0x0000000010001ab8        0xc CMakeFiles/20x4_display.dir/home/ubuntu/pico/pico-sdk/src/rp2_common/hardware_clocks/clocks.c.obj
                0x0000000010001ab8                clock_get_hz
 .text.pll_init
                0x0000000010001ac4       0xf8 CMakeFiles/20x4_display.dir/home/ubuntu/pico/pico-sdk/src/rp2_common/hardware_pll/pll.c.obj
                0x0000000010001ac4                pll_init
 .text.watchdog_start_tick
                0x0000000010001bbc       0x10 CMakeFiles/20x4_display.dir/home/ubuntu/pico/pico-sdk/src/rp2_common/hardware_watchdog/watchdog.c.obj
                0x0000000010001bbc                watchdog_start_tick
 .text.xosc_init
                0x0000000010001bcc       0x28 CMakeFiles/20x4_display.dir/home/ubuntu/pico/pico-sdk/src/rp2_common/hardware_xosc/xosc.c.obj
                0x0000000010001bcc                xosc_init
 .text._exit    0x0000000010001bf4        0x4 CMakeFiles/20x4_display.dir/home/ubuntu/pico/pico-sdk/src/rp2_common/pico_runtime/runtime.c.obj
                0x0000000010001bf4                _exit
 .text._sbrk    0x0000000010001bf8       0x30 CMakeFiles/20x4_display.dir/home/ubuntu/pico/pico-sdk/src/rp2_common/pico_runtime/runtime.c.obj
                0x0000000010001bf8                _sbrk
 .text._getpid  0x0000000010001c28        0x4 CMakeFiles/20x4_display.dir/home/ubuntu/pico/pico-sdk/src/rp2_common/pico_runtime/runtime.c.obj
                0x0000000010001c28                _getpid
 .text._kill    0x0000000010001c2c        0x6 CMakeFiles/20x4_display.dir/home/ubuntu/pico/pico-sdk/src/rp2_common/pico_runtime/runtime.c.obj
                0x0000000010001c2c                _kill
 .text.exit     0x0000000010001c32        0x6 CMakeFiles/20x4_display.dir/home/ubuntu/pico/pico-sdk/src/rp2_common/pico_runtime/runtime.c.obj
                0x0000000010001c32                exit
 .text.__assert_func
                0x0000000010001c38       0x30 CMakeFiles/20x4_display.dir/home/ubuntu/pico/pico-sdk/src/rp2_common/pico_runtime/runtime.c.obj
                0x0000000010001c38                __assert_func
 .text.runtime_init
                0x0000000010001c68       0xf4 CMakeFiles/20x4_display.dir/home/ubuntu/pico/pico-sdk/src/rp2_common/pico_runtime/runtime.c.obj
                0x0000000010001c68                runtime_init
 .text.panic    0x0000000010001d5c       0x30 CMakeFiles/20x4_display.dir/home/ubuntu/pico/pico-sdk/src/rp2_common/pico_runtime/runtime.c.obj
                0x0000000010001d5c                panic
 .text._out_null
                0x0000000010001d8c        0x2 CMakeFiles/20x4_display.dir/home/ubuntu/pico/pico-sdk/src/rp2_common/pico_printf/printf.c.obj
 .text._out_rev
                0x0000000010001d8e       0x9c CMakeFiles/20x4_display.dir/home/ubuntu/pico/pico-sdk/src/rp2_common/pico_printf/printf.c.obj
 .text._ntoa_format
                0x0000000010001e2a       0xf0 CMakeFiles/20x4_display.dir/home/ubuntu/pico/pico-sdk/src/rp2_common/pico_printf/printf.c.obj
 .text._ntoa_long
                0x0000000010001f1a       0x94 CMakeFiles/20x4_display.dir/home/ubuntu/pico/pico-sdk/src/rp2_common/pico_printf/printf.c.obj
 .text._ntoa_long_long
                0x0000000010001fae       0xbe CMakeFiles/20x4_display.dir/home/ubuntu/pico/pico-sdk/src/rp2_common/pico_printf/printf.c.obj
 .text._out_fct
                0x000000001000206c        0xe CMakeFiles/20x4_display.dir/home/ubuntu/pico/pico-sdk/src/rp2_common/pico_printf/printf.c.obj
 *fill*         0x000000001000207a        0x2 
 .text._etoa    0x000000001000207c      0x400 CMakeFiles/20x4_display.dir/home/ubuntu/pico/pico-sdk/src/rp2_common/pico_printf/printf.c.obj
 .text._ftoa    0x000000001000247c      0x318 CMakeFiles/20x4_display.dir/home/ubuntu/pico/pico-sdk/src/rp2_common/pico_printf/printf.c.obj
 .text._vsnprintf
                0x0000000010002794      0x558 CMakeFiles/20x4_display.dir/home/ubuntu/pico/pico-sdk/src/rp2_common/pico_printf/printf.c.obj
 .text.vfctprintf
                0x0000000010002cec       0x20 CMakeFiles/20x4_display.dir/home/ubuntu/pico/pico-sdk/src/rp2_common/pico_printf/printf.c.obj
                0x0000000010002cec                vfctprintf
 .text          0x0000000010002d0c       0x10 CMakeFiles/20x4_display.dir/home/ubuntu/pico/pico-sdk/src/rp2_common/pico_bit_ops/bit_ops_aeabi.S.obj
 .text.rom_func_lookup
                0x0000000010002d1c       0x10 CMakeFiles/20x4_display.dir/home/ubuntu/pico/pico-sdk/src/rp2_common/pico_bootrom/bootrom.c.obj
                0x0000000010002d1c                rom_func_lookup
 .text.rom_data_lookup
                0x0000000010002d2c       0x10 CMakeFiles/20x4_display.dir/home/ubuntu/pico/pico-sdk/src/rp2_common/pico_bootrom/bootrom.c.obj
                0x0000000010002d2c                rom_data_lookup
 .text.rom_funcs_lookup
                0x0000000010002d3c       0x24 CMakeFiles/20x4_display.dir/home/ubuntu/pico/pico-sdk/src/rp2_common/pico_bootrom/bootrom.c.obj
                0x0000000010002d3c                rom_funcs_lookup
 .text.__wrap___aeabi_idiv
                0x0000000010002d60       0x50 CMakeFiles/20x4_display.dir/home/ubuntu/pico/pico-sdk/src/rp2_common/pico_divider/divider.S.obj
                0x0000000010002d60                __wrap___aeabi_idivmod
                0x0000000010002d60                divmod_s32s32
                0x0000000010002d60                div_s32s32
                0x0000000010002d60                __wrap___aeabi_idiv
                0x0000000010002d68                divmod_s32s32_unsafe
                0x0000000010002d94                divmod_s32s32_savestate
 .text.__wrap___aeabi_uidiv
                0x0000000010002db0       0x4c CMakeFiles/20x4_display.dir/home/ubuntu/pico/pico-sdk/src/rp2_common/pico_divider/divider.S.obj
                0x0000000010002db0                __wrap___aeabi_uidiv
                0x0000000010002db0                __wrap___aeabi_uidivmod
                0x0000000010002db0                div_u32u32
                0x0000000010002db0                divmod_u32u32
                0x0000000010002db8                divmod_u32u32_unsafe
                0x0000000010002de0                divmod_u32u32_savestate
 .text.__wrap___aeabi_ldiv
                0x0000000010002dfc      0x424 CMakeFiles/20x4_display.dir/home/ubuntu/pico/pico-sdk/src/rp2_common/pico_divider/divider.S.obj
                0x0000000010002dfc                div_s64s64
                0x0000000010002dfc                divmod_s64s64
                0x0000000010002dfc                __wrap___aeabi_ldivmod
                0x0000000010002e2c                div_u64u64
                0x0000000010002e2c                divmod_u64u64
                0x0000000010002e2c                __wrap___aeabi_uldivmod
                0x0000000010002e3c                divmod_u64u64_savestate
                0x0000000010002e5c                divmod_s64s64_unsafe
                0x0000000010002ee4                divmod_u64u64_unsafe
 .text.__wrap___aeabi_darithmetic
                0x0000000010003220       0x80 CMakeFiles/20x4_display.dir/home/ubuntu/pico/pico-sdk/src/rp2_common/pico_double/double_aeabi.S.obj
                0x0000000010003220                __wrap___aeabi_drsub
                0x0000000010003226                __wrap___aeabi_dsub
                0x0000000010003238                __wrap___aeabi_dadd
                0x000000001000324a                __wrap___aeabi_ddiv
                0x0000000010003286                __wrap___aeabi_dmul
 .text.__wrap___aeabi_cdcmple
                0x00000000100032a0       0x6c CMakeFiles/20x4_display.dir/home/ubuntu/pico/pico-sdk/src/rp2_common/pico_double/double_aeabi.S.obj
                0x00000000100032a0                __wrap___aeabi_cdrcmple
                0x00000000100032b0                __wrap___aeabi_cdcmple
                0x00000000100032b0                __wrap___aeabi_cdcmpeq
 .text.__wrap___aeabi_dcmplt
                0x000000001000330c        0xc CMakeFiles/20x4_display.dir/home/ubuntu/pico/pico-sdk/src/rp2_common/pico_double/double_aeabi.S.obj
                0x000000001000330c                __wrap___aeabi_dcmplt
 .text.__wrap___aeabi_dcmple
                0x0000000010003318       0x10 CMakeFiles/20x4_display.dir/home/ubuntu/pico/pico-sdk/src/rp2_common/pico_double/double_aeabi.S.obj
                0x0000000010003318                __wrap___aeabi_dcmple
 .text.__wrap___aeabi_dcmpge
                0x0000000010003328       0x10 CMakeFiles/20x4_display.dir/home/ubuntu/pico/pico-sdk/src/rp2_common/pico_double/double_aeabi.S.obj
                0x0000000010003328                __wrap___aeabi_dcmpge
 .text.__wrap___aeabi_dcmpgt
                0x0000000010003338        0xa CMakeFiles/20x4_display.dir/home/ubuntu/pico/pico-sdk/src/rp2_common/pico_double/double_aeabi.S.obj
                0x0000000010003338                __wrap___aeabi_dcmpgt
 .text.__wrap___aeabi_dcmpun
                0x0000000010003342       0x1c CMakeFiles/20x4_display.dir/home/ubuntu/pico/pico-sdk/src/rp2_common/pico_double/double_aeabi.S.obj
                0x0000000010003342                __wrap___aeabi_dcmpun
 *fill*         0x000000001000335e        0x2 
 .text.__wrap___aeabi_i2d
                0x0000000010003360       0x38 CMakeFiles/20x4_display.dir/home/ubuntu/pico/pico-sdk/src/rp2_common/pico_double/double_aeabi.S.obj
                0x0000000010003360                __wrap___aeabi_ui2d
                0x0000000010003368                __wrap___aeabi_i2d
 .text.__wrap___aeabi_d2iz
                0x0000000010003398       0x48 CMakeFiles/20x4_display.dir/home/ubuntu/pico/pico-sdk/src/rp2_common/pico_double/double_aeabi.S.obj
                0x0000000010003398                __wrap___aeabi_d2iz
                0x0000000010003398                double2int_z
 .text.__wrap___aeabi_d2uiz
                0x00000000100033e0       0x18 CMakeFiles/20x4_display.dir/home/ubuntu/pico/pico-sdk/src/rp2_common/pico_double/double_aeabi.S.obj
                0x00000000100033e0                double2uint
                0x00000000100033e0                __wrap___aeabi_d2uiz
 .text.__aeabi_double_init
                0x00000000100033f8       0xc0 CMakeFiles/20x4_display.dir/home/ubuntu/pico/pico-sdk/src/rp2_common/pico_double/double_init_rom.c.obj
                0x00000000100033f8                __aeabi_double_init
 .text.double_table_shim_on_use_helper
                0x00000000100034b8       0x2c CMakeFiles/20x4_display.dir/home/ubuntu/pico/pico-sdk/src/rp2_common/pico_double/double_v1_rom_shim.S.obj
                0x00000000100034b8                double_table_shim_on_use_helper
 .text.__wrap___aeabi_dsub
                0x00000000100034e4       0x10 CMakeFiles/20x4_display.dir/home/ubuntu/pico/pico-sdk/src/rp2_common/pico_double/double_v1_rom_shim.S.obj
                0x00000000100034e4                drsub_shim
                0x00000000100034ea                dsub_shim
 .text.dadd_shim
                0x00000000100034f4      0x15c CMakeFiles/20x4_display.dir/home/ubuntu/pico/pico-sdk/src/rp2_common/pico_double/double_v1_rom_shim.S.obj
                0x00000000100034f4                dadd_shim
 .text.dmul_shim
                0x0000000010003650      0x15c CMakeFiles/20x4_display.dir/home/ubuntu/pico/pico-sdk/src/rp2_common/pico_double/double_v1_rom_shim.S.obj
                0x0000000010003650                dmul_shim
 .text.ddiv_shim
                0x00000000100037ac      0x1b0 CMakeFiles/20x4_display.dir/home/ubuntu/pico/pico-sdk/src/rp2_common/pico_double/double_v1_rom_shim.S.obj
                0x00000000100037ac                ddiv_shim
 .text.double2uint_shim
                0x000000001000395c        0xe CMakeFiles/20x4_display.dir/home/ubuntu/pico/pico-sdk/src/rp2_common/pico_double/double_v1_rom_shim.S.obj
                0x000000001000395c                double2uint_shim
                0x000000001000395e                double2ufix_shim
 *fill*         0x000000001000396a        0x2 
 .text.double2uint64_shim
                0x000000001000396c       0x70 CMakeFiles/20x4_display.dir/home/ubuntu/pico/pico-sdk/src/rp2_common/pico_double/double_v1_rom_shim.S.obj
                0x000000001000396c                double2uint64_shim
                0x000000001000396e                double2ufix64_shim
                0x000000001000398e                d2fix_a
 .text.dunpacks
                0x00000000100039dc       0x3c CMakeFiles/20x4_display.dir/home/ubuntu/pico/pico-sdk/src/rp2_common/pico_double/double_v1_rom_shim.S.obj
                0x00000000100039dc                dunpacks
 .text.__aeabi_float_init
                0x0000000010003a18       0xf0 CMakeFiles/20x4_display.dir/home/ubuntu/pico/pico-sdk/src/rp2_common/pico_float/float_init_rom.c.obj
                0x0000000010003a18                __aeabi_float_init
 .text.float_table_shim_on_use_helper
                0x0000000010003b08       0x2c CMakeFiles/20x4_display.dir/home/ubuntu/pico/pico-sdk/src/rp2_common/pico_float/float_v1_rom_shim.S.obj
                0x0000000010003b08                float_table_shim_on_use_helper
 .text.check_alloc
                0x0000000010003b34       0x20 CMakeFiles/20x4_display.dir/home/ubuntu/pico/pico-sdk/src/rp2_common/pico_malloc/pico_malloc.c.obj
 .text.__wrap_malloc
                0x0000000010003b54       0x14 CMakeFiles/20x4_display.dir/home/ubuntu/pico/pico-sdk/src/rp2_common/pico_malloc/pico_malloc.c.obj
                0x0000000010003b54                __wrap_malloc
 .text.__wrap_free
                0x0000000010003b68        0x8 CMakeFiles/20x4_display.dir/home/ubuntu/pico/pico-sdk/src/rp2_common/pico_malloc/pico_malloc.c.obj
                0x0000000010003b68                __wrap_free
 .text          0x0000000010003b70       0x10 CMakeFiles/20x4_display.dir/home/ubuntu/pico/pico-sdk/src/rp2_common/pico_mem_ops/mem_ops_aeabi.S.obj
                0x0000000010003b70                __aeabi_mem_init
 .text.memset   0x0000000010003b80        0xc CMakeFiles/20x4_display.dir/home/ubuntu/pico/pico-sdk/src/rp2_common/pico_mem_ops/mem_ops_aeabi.S.obj
                0x0000000010003b80                __wrap_memset
 .text.memcpy   0x0000000010003b8c        0xc CMakeFiles/20x4_display.dir/home/ubuntu/pico/pico-sdk/src/rp2_common/pico_mem_ops/mem_ops_aeabi.S.obj
                0x0000000010003b8c                __wrap___aeabi_memcpy
                0x0000000010003b8c                __wrap_memcpy
 .text._Znwj    0x0000000010003b98        0x8 CMakeFiles/20x4_display.dir/home/ubuntu/pico/pico-sdk/src/rp2_common/pico_standard_link/new_delete.cpp.obj
                0x0000000010003b98                operator new(unsigned int)
 .text._ZdlPv   0x0000000010003ba0        0x8 CMakeFiles/20x4_display.dir/home/ubuntu/pico/pico-sdk/src/rp2_common/pico_standard_link/new_delete.cpp.obj
                0x0000000010003ba0                operator delete(void*)
 .text._ZdlPvj  0x0000000010003ba8        0x8 CMakeFiles/20x4_display.dir/home/ubuntu/pico/pico-sdk/src/rp2_common/pico_standard_link/new_delete.cpp.obj
                0x0000000010003ba8                operator delete(void*, unsigned int)
 .text.stdio_out_chars_no_crlf
                0x0000000010003bb0        0xe CMakeFiles/20x4_display.dir/home/ubuntu/pico/pico-sdk/src/rp2_common/pico_stdio/stdio.c.obj
 *fill*         0x0000000010003bbe        0x2 
 .text.stdio_out_chars_crlf
                0x0000000010003bc0       0x80 CMakeFiles/20x4_display.dir/home/ubuntu/pico/pico-sdk/src/rp2_common/pico_stdio/stdio.c.obj
 .text.stdio_stack_buffer_flush.part.0
                0x0000000010003c40       0x38 CMakeFiles/20x4_display.dir/home/ubuntu/pico/pico-sdk/src/rp2_common/pico_stdio/stdio.c.obj
 .text.stdio_buffered_printer
                0x0000000010003c78       0x1e CMakeFiles/20x4_display.dir/home/ubuntu/pico/pico-sdk/src/rp2_common/pico_stdio/stdio.c.obj
 *fill*         0x0000000010003c96        0x2 
 .text.update_us_since_boot.isra.0.part.0
                0x0000000010003c98       0x1c CMakeFiles/20x4_display.dir/home/ubuntu/pico/pico-sdk/src/rp2_common/pico_stdio/stdio.c.obj
 .text.stdout_serialize_begin
                0x0000000010003cb4       0x38 CMakeFiles/20x4_display.dir/home/ubuntu/pico/pico-sdk/src/rp2_common/pico_stdio/stdio.c.obj
                0x0000000010003cb4                stdout_serialize_begin
 .text.stdout_serialize_end
                0x0000000010003cec       0x10 CMakeFiles/20x4_display.dir/home/ubuntu/pico/pico-sdk/src/rp2_common/pico_stdio/stdio.c.obj
                0x0000000010003cec                stdout_serialize_end
 .text.stdio_put_string
                0x0000000010003cfc       0x84 CMakeFiles/20x4_display.dir/home/ubuntu/pico/pico-sdk/src/rp2_common/pico_stdio/stdio.c.obj
 .text.stdio_flush
                0x0000000010003d80       0x1c CMakeFiles/20x4_display.dir/home/ubuntu/pico/pico-sdk/src/rp2_common/pico_stdio/stdio.c.obj
                0x0000000010003d80                stdio_flush
 .text.__wrap_puts
                0x0000000010003d9c       0x1e CMakeFiles/20x4_display.dir/home/ubuntu/pico/pico-sdk/src/rp2_common/pico_stdio/stdio.c.obj
                0x0000000010003d9c                __wrap_puts
 *fill*         0x0000000010003dba        0x2 
 .text.__wrap_vprintf
                0x0000000010003dbc       0x44 CMakeFiles/20x4_display.dir/home/ubuntu/pico/pico-sdk/src/rp2_common/pico_stdio/stdio.c.obj
                0x0000000010003dbc                __wrap_vprintf
 .text.__wrap_printf
                0x0000000010003e00       0x16 CMakeFiles/20x4_display.dir/home/ubuntu/pico/pico-sdk/src/rp2_common/pico_stdio/stdio.c.obj
                0x0000000010003e00                __wrap_printf
 .text.i2c_write_blocking_internal
                0x0000000010003e16       0xea CMakeFiles/20x4_display.dir/home/ubuntu/pico/pico-sdk/src/rp2_common/hardware_i2c/i2c.c.obj
 .text.i2c_set_baudrate
                0x0000000010003f00       0xd0 CMakeFiles/20x4_display.dir/home/ubuntu/pico/pico-sdk/src/rp2_common/hardware_i2c/i2c.c.obj
                0x0000000010003f00                i2c_set_baudrate
 .text.i2c_init
                0x0000000010003fd0       0x4c CMakeFiles/20x4_display.dir/home/ubuntu/pico/pico-sdk/src/rp2_common/hardware_i2c/i2c.c.obj
                0x0000000010003fd0                i2c_init
 .text.i2c_write_blocking
                0x000000001000401c       0x18 CMakeFiles/20x4_display.dir/home/ubuntu/pico/pico-sdk/src/rp2_common/hardware_i2c/i2c.c.obj
                0x000000001000401c                i2c_write_blocking
 .text.__cxa_guard_acquire
                0x0000000010004034       0x38 /usr/lib/gcc/arm-none-eabi/9.2.1/../../../arm-none-eabi/lib/thumb/v6-m/nofp/libstdc++.a(guard.o)
                0x0000000010004034                __cxa_guard_acquire
 .text.__cxa_guard_release
                0x000000001000406c        0x8 /usr/lib/gcc/arm-none-eabi/9.2.1/../../../arm-none-eabi/lib/thumb/v6-m/nofp/libstdc++.a(guard.o)
                0x000000001000406c                __cxa_guard_release
 .text._ZN9__gnu_cxx20recursive_init_errorD2Ev
                0x0000000010004074       0x18 /usr/lib/gcc/arm-none-eabi/9.2.1/../../../arm-none-eabi/lib/thumb/v6-m/nofp/libstdc++.a(guard_error.o)
                0x0000000010004074                __gnu_cxx::recursive_init_error::~recursive_init_error()
                0x0000000010004074                __gnu_cxx::recursive_init_error::~recursive_init_error()
 .text._ZN9__gnu_cxx20recursive_init_errorD0Ev
                0x000000001000408c       0x20 /usr/lib/gcc/arm-none-eabi/9.2.1/../../../arm-none-eabi/lib/thumb/v6-m/nofp/libstdc++.a(guard_error.o)
                0x000000001000408c                __gnu_cxx::recursive_init_error::~recursive_init_error()
 .text._ZN9__gnu_cxx20recursive_init_errorC2Ev
                0x00000000100040ac        0xc /usr/lib/gcc/arm-none-eabi/9.2.1/../../../arm-none-eabi/lib/thumb/v6-m/nofp/libstdc++.a(guard_error.o)
                0x00000000100040ac                __gnu_cxx::recursive_init_error::recursive_init_error()
                0x00000000100040ac                __gnu_cxx::recursive_init_error::recursive_init_error()
 .text._ZN10__cxxabiv120__si_class_type_infoD2Ev
                0x00000000100040b8       0x18 /usr/lib/gcc/arm-none-eabi/9.2.1/../../../arm-none-eabi/lib/thumb/v6-m/nofp/libstdc++.a(si_class_type_info.o)
                0x00000000100040b8                __cxxabiv1::__si_class_type_info::~__si_class_type_info()
                0x00000000100040b8                __cxxabiv1::__si_class_type_info::~__si_class_type_info()
 .text._ZN10__cxxabiv120__si_class_type_infoD0Ev
                0x00000000100040d0       0x20 /usr/lib/gcc/arm-none-eabi/9.2.1/../../../arm-none-eabi/lib/thumb/v6-m/nofp/libstdc++.a(si_class_type_info.o)
                0x00000000100040d0                __cxxabiv1::__si_class_type_info::~__si_class_type_info()
 .text._ZNK10__cxxabiv120__si_class_type_info20__do_find_public_srcEiPKvPKNS_17__class_type_infoES2_
                0x00000000100040f0       0x38 /usr/lib/gcc/arm-none-eabi/9.2.1/../../../arm-none-eabi/lib/thumb/v6-m/nofp/libstdc++.a(si_class_type_info.o)
                0x00000000100040f0                __cxxabiv1::__si_class_type_info::__do_find_public_src(int, void const*, __cxxabiv1::__class_type_info const*, void const*) const
 .text._ZNK10__cxxabiv120__si_class_type_info12__do_dyncastEiNS_17__class_type_info10__sub_kindEPKS1_PKvS4_S6_RNS1_16__dyncast_resultE
                0x0000000010004128       0x9c /usr/lib/gcc/arm-none-eabi/9.2.1/../../../arm-none-eabi/lib/thumb/v6-m/nofp/libstdc++.a(si_class_type_info.o)
                0x0000000010004128                __cxxabiv1::__si_class_type_info::__do_dyncast(int, __cxxabiv1::__class_type_info::__sub_kind, __cxxabiv1::__class_type_info const*, void const*, __cxxabiv1::__class_type_info const*, void const*, __cxxabiv1::__class_type_info::__dyncast_result&) const
 .text._ZNK10__cxxabiv120__si_class_type_info11__do_upcastEPKNS_17__class_type_infoEPKvRNS1_15__upcast_resultE
                0x00000000100041c4       0x24 /usr/lib/gcc/arm-none-eabi/9.2.1/../../../arm-none-eabi/lib/thumb/v6-m/nofp/libstdc++.a(si_class_type_info.o)
                0x00000000100041c4                __cxxabiv1::__si_class_type_info::__do_upcast(__cxxabiv1::__class_type_info const*, void const*, __cxxabiv1::__class_type_info::__upcast_result&) const
 .text._ZNSt9type_infoD2Ev
                0x00000000100041e8        0x4 /usr/lib/gcc/arm-none-eabi/9.2.1/../../../arm-none-eabi/lib/thumb/v6-m/nofp/libstdc++.a(tinfo.o)
                0x00000000100041e8                std::type_info::~type_info()
                0x00000000100041e8                std::type_info::~type_info()
 .text._ZNKSt9type_info14__is_pointer_pEv
                0x00000000100041ec        0x4 /usr/lib/gcc/arm-none-eabi/9.2.1/../../../arm-none-eabi/lib/thumb/v6-m/nofp/libstdc++.a(tinfo.o)
                0x00000000100041ec                std::type_info::__is_function_p() const
                0x00000000100041ec                std::type_info::__is_pointer_p() const
 .text._ZNKSt9type_infoeqERKS_
                0x00000000100041f0       0x30 /usr/lib/gcc/arm-none-eabi/9.2.1/../../../arm-none-eabi/lib/thumb/v6-m/nofp/libstdc++.a(tinfo.o)
                0x00000000100041f0                std::type_info::operator==(std::type_info const&) const
 .text.unlikely._ZSt17__throw_bad_allocv
                0x0000000010004220       0x20 /usr/lib/gcc/arm-none-eabi/9.2.1/../../../arm-none-eabi/lib/thumb/v6-m/nofp/libstdc++.a(functexcept.o)
                0x0000000010004220                std::__throw_bad_alloc()
 .text.unlikely._ZSt19__throw_logic_errorPKc
                0x0000000010004240       0x30 /usr/lib/gcc/arm-none-eabi/9.2.1/../../../arm-none-eabi/lib/thumb/v6-m/nofp/libstdc++.a(functexcept.o)
                0x0000000010004240                std::__throw_logic_error(char const*)
 .text.unlikely._ZSt20__throw_length_errorPKc
                0x0000000010004270       0x30 /usr/lib/gcc/arm-none-eabi/9.2.1/../../../arm-none-eabi/lib/thumb/v6-m/nofp/libstdc++.a(functexcept.o)
                0x0000000010004270                std::__throw_length_error(char const*)
 .text._ZSt24__throw_out_of_range_fmtPKcz
                0x00000000100042a0       0x68 /usr/lib/gcc/arm-none-eabi/9.2.1/../../../arm-none-eabi/lib/thumb/v6-m/nofp/libstdc++.a(functexcept.o)
                0x00000000100042a0                std::__throw_out_of_range_fmt(char const*, ...)
 .text._ZN9__gnu_cxx26__throw_insufficient_spaceEPKcS1_
                0x0000000010004308       0x50 /usr/lib/gcc/arm-none-eabi/9.2.1/../../../arm-none-eabi/lib/thumb/v6-m/nofp/libstdc++.a(snprintf_lite.o)
                0x0000000010004308                __gnu_cxx::__throw_insufficient_space(char const*, char const*)
 .text._ZN9__gnu_cxx15__concat_size_tEPcjj
                0x0000000010004358       0x7c /usr/lib/gcc/arm-none-eabi/9.2.1/../../../arm-none-eabi/lib/thumb/v6-m/nofp/libstdc++.a(snprintf_lite.o)
                0x0000000010004358                __gnu_cxx::__concat_size_t(char*, unsigned int, unsigned int)
 .text._ZN9__gnu_cxx15__snprintf_liteEPcjPKcSt9__va_list
                0x00000000100043d4       0xa8 /usr/lib/gcc/arm-none-eabi/9.2.1/../../../arm-none-eabi/lib/thumb/v6-m/nofp/libstdc++.a(snprintf_lite.o)
                0x00000000100043d4                __gnu_cxx::__snprintf_lite(char*, unsigned int, char const*, std::__va_list)
 .text._ZNKSt9bad_alloc4whatEv
                0x000000001000447c        0x8 /usr/lib/gcc/arm-none-eabi/9.2.1/../../../arm-none-eabi/lib/thumb/v6-m/nofp/libstdc++.a(bad_alloc.o)
                0x000000001000447c                std::bad_alloc::what() const
 .text._ZNSt9bad_allocD2Ev
                0x0000000010004484       0x18 /usr/lib/gcc/arm-none-eabi/9.2.1/../../../arm-none-eabi/lib/thumb/v6-m/nofp/libstdc++.a(bad_alloc.o)
                0x0000000010004484                std::bad_alloc::~bad_alloc()
                0x0000000010004484                std::bad_alloc::~bad_alloc()
 .text._ZNSt9bad_allocD0Ev
                0x000000001000449c       0x20 /usr/lib/gcc/arm-none-eabi/9.2.1/../../../arm-none-eabi/lib/thumb/v6-m/nofp/libstdc++.a(bad_alloc.o)
                0x000000001000449c                std::bad_alloc::~bad_alloc()
 .text._ZNK10__cxxabiv117__class_type_info11__do_upcastEPKS0_PPv
                0x00000000100044bc       0x38 /usr/lib/gcc/arm-none-eabi/9.2.1/../../../arm-none-eabi/lib/thumb/v6-m/nofp/libstdc++.a(class_type_info.o)
                0x00000000100044bc                __cxxabiv1::__class_type_info::__do_upcast(__cxxabiv1::__class_type_info const*, void**) const
 .text._ZNK10__cxxabiv117__class_type_info20__do_find_public_srcEiPKvPKS0_S2_
                0x00000000100044f4       0x14 /usr/lib/gcc/arm-none-eabi/9.2.1/../../../arm-none-eabi/lib/thumb/v6-m/nofp/libstdc++.a(class_type_info.o)
                0x00000000100044f4                __cxxabiv1::__class_type_info::__do_find_public_src(int, void const*, __cxxabiv1::__class_type_info const*, void const*) const
 .text._ZN10__cxxabiv117__class_type_infoD2Ev
                0x0000000010004508       0x18 /usr/lib/gcc/arm-none-eabi/9.2.1/../../../arm-none-eabi/lib/thumb/v6-m/nofp/libstdc++.a(class_type_info.o)
                0x0000000010004508                __cxxabiv1::__class_type_info::~__class_type_info()
                0x0000000010004508                __cxxabiv1::__class_type_info::~__class_type_info()
 .text._ZN10__cxxabiv117__class_type_infoD0Ev
                0x0000000010004520       0x20 /usr/lib/gcc/arm-none-eabi/9.2.1/../../../arm-none-eabi/lib/thumb/v6-m/nofp/libstdc++.a(class_type_info.o)
                0x0000000010004520                __cxxabiv1::__class_type_info::~__class_type_info()
 .text._ZNK10__cxxabiv117__class_type_info12__do_dyncastEiNS0_10__sub_kindEPKS0_PKvS3_S5_RNS0_16__dyncast_resultE
                0x0000000010004540       0x40 /usr/lib/gcc/arm-none-eabi/9.2.1/../../../arm-none-eabi/lib/thumb/v6-m/nofp/libstdc++.a(class_type_info.o)
                0x0000000010004540                __cxxabiv1::__class_type_info::__do_dyncast(int, __cxxabiv1::__class_type_info::__sub_kind, __cxxabiv1::__class_type_info const*, void const*, __cxxabiv1::__class_type_info const*, void const*, __cxxabiv1::__class_type_info::__dyncast_result&) const
 .text._ZNK10__cxxabiv117__class_type_info11__do_upcastEPKS0_PKvRNS0_15__upcast_resultE
                0x0000000010004580       0x1c /usr/lib/gcc/arm-none-eabi/9.2.1/../../../arm-none-eabi/lib/thumb/v6-m/nofp/libstdc++.a(class_type_info.o)
                0x0000000010004580                __cxxabiv1::__class_type_info::__do_upcast(__cxxabiv1::__class_type_info const*, void const*, __cxxabiv1::__class_type_info::__upcast_result&) const
 .text._ZNK10__cxxabiv117__class_type_info10__do_catchEPKSt9type_infoPPvj
                0x000000001000459c       0x24 /usr/lib/gcc/arm-none-eabi/9.2.1/../../../arm-none-eabi/lib/thumb/v6-m/nofp/libstdc++.a(class_type_info.o)
                0x000000001000459c                __cxxabiv1::__class_type_info::__do_catch(std::type_info const*, void**, unsigned int) const
 .text._ZN12_GLOBAL__N_14pool4freeEPv.constprop.0
                0x00000000100045c0       0x78 /usr/lib/gcc/arm-none-eabi/9.2.1/../../../arm-none-eabi/lib/thumb/v6-m/nofp/libstdc++.a(eh_alloc.o)
 .text._ZN12_GLOBAL__N_14pool8allocateEj.constprop.0
                0x0000000010004638       0x50 /usr/lib/gcc/arm-none-eabi/9.2.1/../../../arm-none-eabi/lib/thumb/v6-m/nofp/libstdc++.a(eh_alloc.o)
 .text.__cxa_allocate_exception
                0x0000000010004688       0x2c /usr/lib/gcc/arm-none-eabi/9.2.1/../../../arm-none-eabi/lib/thumb/v6-m/nofp/libstdc++.a(eh_alloc.o)
                0x0000000010004688                __cxa_allocate_exception
 .text.__cxa_free_exception
                0x00000000100046b4       0x24 /usr/lib/gcc/arm-none-eabi/9.2.1/../../../arm-none-eabi/lib/thumb/v6-m/nofp/libstdc++.a(eh_alloc.o)
                0x00000000100046b4                __cxa_free_exception
 .text.startup._GLOBAL__sub_I__ZN9__gnu_cxx9__freeresEv
                0x00000000100046d8       0x2c /usr/lib/gcc/arm-none-eabi/9.2.1/../../../arm-none-eabi/lib/thumb/v6-m/nofp/libstdc++.a(eh_alloc.o)
 .text.__cxa_end_cleanup
                0x0000000010004704        0xc /usr/lib/gcc/arm-none-eabi/9.2.1/../../../arm-none-eabi/lib/thumb/v6-m/nofp/libstdc++.a(eh_arm.o)
                0x0000000010004704                __cxa_end_cleanup
 .text.__cxa_type_match
                0x0000000010004710       0xd0 /usr/lib/gcc/arm-none-eabi/9.2.1/../../../arm-none-eabi/lib/thumb/v6-m/nofp/libstdc++.a(eh_arm.o)
                0x0000000010004710                __cxa_type_match
 .text.__cxa_begin_cleanup
                0x00000000100047e0       0x60 /usr/lib/gcc/arm-none-eabi/9.2.1/../../../arm-none-eabi/lib/thumb/v6-m/nofp/libstdc++.a(eh_arm.o)
                0x00000000100047e0                __cxa_begin_cleanup
 .text.__gnu_end_cleanup
                0x0000000010004840       0x70 /usr/lib/gcc/arm-none-eabi/9.2.1/../../../arm-none-eabi/lib/thumb/v6-m/nofp/libstdc++.a(eh_arm.o)
                0x0000000010004840                __gnu_end_cleanup
 .text._ZNSt9exceptionD2Ev
                0x00000000100048b0        0x4 /usr/lib/gcc/arm-none-eabi/9.2.1/../../../arm-none-eabi/lib/thumb/v6-m/nofp/libstdc++.a(eh_exception.o)
                0x00000000100048b0                std::exception::~exception()
                0x00000000100048b0                std::exception::~exception()
 .text._ZNSt13bad_exceptionD2Ev
                0x00000000100048b4        0x4 /usr/lib/gcc/arm-none-eabi/9.2.1/../../../arm-none-eabi/lib/thumb/v6-m/nofp/libstdc++.a(eh_exception.o)
                0x00000000100048b4                std::bad_exception::~bad_exception()
                0x00000000100048b4                std::bad_exception::~bad_exception()
 .text._ZNKSt9exception4whatEv
                0x00000000100048b8        0x8 /usr/lib/gcc/arm-none-eabi/9.2.1/../../../arm-none-eabi/lib/thumb/v6-m/nofp/libstdc++.a(eh_exception.o)
                0x00000000100048b8                transaction clone for std::exception::what() const
                0x00000000100048b8                std::exception::what() const
 .text._ZNKSt13bad_exception4whatEv
                0x00000000100048c0        0x8 /usr/lib/gcc/arm-none-eabi/9.2.1/../../../arm-none-eabi/lib/thumb/v6-m/nofp/libstdc++.a(eh_exception.o)
                0x00000000100048c0                transaction clone for std::bad_exception::what() const
                0x00000000100048c0                std::bad_exception::what() const
 .text._ZNSt13bad_exceptionD0Ev
                0x00000000100048c8       0x10 /usr/lib/gcc/arm-none-eabi/9.2.1/../../../arm-none-eabi/lib/thumb/v6-m/nofp/libstdc++.a(eh_exception.o)
                0x00000000100048c8                std::bad_exception::~bad_exception()
 .text.__cxa_get_globals_fast
                0x00000000100048d8        0x8 /usr/lib/gcc/arm-none-eabi/9.2.1/../../../arm-none-eabi/lib/thumb/v6-m/nofp/libstdc++.a(eh_globals.o)
                0x00000000100048d8                __cxa_get_globals_fast
 .text.__cxa_get_globals
                0x00000000100048e0        0x8 /usr/lib/gcc/arm-none-eabi/9.2.1/../../../arm-none-eabi/lib/thumb/v6-m/nofp/libstdc++.a(eh_globals.o)
                0x00000000100048e0                __cxa_get_globals
 .text._ZL28read_encoded_value_with_basehjPKhPj
                0x00000000100048e8      0x114 /usr/lib/gcc/arm-none-eabi/9.2.1/../../../arm-none-eabi/lib/thumb/v6-m/nofp/libstdc++.a(eh_personality.o)
 .text._ZL21base_of_encoded_valuehP15_Unwind_Context
                0x00000000100049fc       0x48 /usr/lib/gcc/arm-none-eabi/9.2.1/../../../arm-none-eabi/lib/thumb/v6-m/nofp/libstdc++.a(eh_personality.o)
 .text._ZL17parse_lsda_headerP15_Unwind_ContextPKhP16lsda_header_info
                0x0000000010004a44       0x98 /usr/lib/gcc/arm-none-eabi/9.2.1/../../../arm-none-eabi/lib/thumb/v6-m/nofp/libstdc++.a(eh_personality.o)
 .text.__gxx_personality_v0
                0x0000000010004adc      0x4a4 /usr/lib/gcc/arm-none-eabi/9.2.1/../../../arm-none-eabi/lib/thumb/v6-m/nofp/libstdc++.a(eh_personality.o)
                0x0000000010004adc                __gxx_personality_v0
 .text._ZN10__cxxabiv111__terminateEPFvvE
                0x0000000010004f80       0x28 /usr/lib/gcc/arm-none-eabi/9.2.1/../../../arm-none-eabi/lib/thumb/v6-m/nofp/libstdc++.a(eh_terminate.o)
                0x0000000010004f80                __cxxabiv1::__terminate(void (*)())
 .text._ZSt9terminatev
                0x0000000010004fa8       0x10 /usr/lib/gcc/arm-none-eabi/9.2.1/../../../arm-none-eabi/lib/thumb/v6-m/nofp/libstdc++.a(eh_terminate.o)
                0x0000000010004fa8                std::terminate()
 .text._ZN10__cxxabiv112__unexpectedEPFvvE
                0x0000000010004fb8        0x8 /usr/lib/gcc/arm-none-eabi/9.2.1/../../../arm-none-eabi/lib/thumb/v6-m/nofp/libstdc++.a(eh_terminate.o)
                0x0000000010004fb8                __cxxabiv1::__unexpected(void (*)())
 .text._ZSt10unexpectedv
                0x0000000010004fc0       0x10 /usr/lib/gcc/arm-none-eabi/9.2.1/../../../arm-none-eabi/lib/thumb/v6-m/nofp/libstdc++.a(eh_terminate.o)
                0x0000000010004fc0                std::unexpected()
 .text._ZSt13get_terminatev
                0x0000000010004fd0        0xc /usr/lib/gcc/arm-none-eabi/9.2.1/../../../arm-none-eabi/lib/thumb/v6-m/nofp/libstdc++.a(eh_terminate.o)
                0x0000000010004fd0                std::get_terminate()
 .text._ZSt14get_unexpectedv
                0x0000000010004fdc        0xc /usr/lib/gcc/arm-none-eabi/9.2.1/../../../arm-none-eabi/lib/thumb/v6-m/nofp/libstdc++.a(eh_terminate.o)
                0x0000000010004fdc                std::get_unexpected()
 .text._ZL23__gxx_exception_cleanup19_Unwind_Reason_CodeP21_Unwind_Control_Block
                0x0000000010004fe8       0x34 /usr/lib/gcc/arm-none-eabi/9.2.1/../../../arm-none-eabi/lib/thumb/v6-m/nofp/libstdc++.a(eh_throw.o)
 .text.__cxa_init_primary_exception
                0x000000001000501c       0x4c /usr/lib/gcc/arm-none-eabi/9.2.1/../../../arm-none-eabi/lib/thumb/v6-m/nofp/libstdc++.a(eh_throw.o)
                0x000000001000501c                __cxa_init_primary_exception
 .text.__cxa_throw
                0x0000000010005068       0x34 /usr/lib/gcc/arm-none-eabi/9.2.1/../../../arm-none-eabi/lib/thumb/v6-m/nofp/libstdc++.a(eh_throw.o)
                0x0000000010005068                __cxa_throw
 .text.__cxa_rethrow
                0x000000001000509c       0x70 /usr/lib/gcc/arm-none-eabi/9.2.1/../../../arm-none-eabi/lib/thumb/v6-m/nofp/libstdc++.a(eh_throw.o)
                0x000000001000509c                __cxa_rethrow
 .text._ZNKSt11logic_error4whatEv
                0x000000001000510c        0x4 /usr/lib/gcc/arm-none-eabi/9.2.1/../../../arm-none-eabi/lib/thumb/v6-m/nofp/libstdc++.a(stdexcept.o)
                0x000000001000510c                std::logic_error::what() const
 .text._ZNSt11logic_errorD2Ev
                0x0000000010005110       0x40 /usr/lib/gcc/arm-none-eabi/9.2.1/../../../arm-none-eabi/lib/thumb/v6-m/nofp/libstdc++.a(stdexcept.o)
                0x0000000010005110                std::logic_error::~logic_error()
                0x0000000010005110                std::logic_error::~logic_error()
 .text._ZNSt11logic_errorD0Ev
                0x0000000010005150       0x14 /usr/lib/gcc/arm-none-eabi/9.2.1/../../../arm-none-eabi/lib/thumb/v6-m/nofp/libstdc++.a(stdexcept.o)
                0x0000000010005150                std::logic_error::~logic_error()
 .text._ZNSt12length_errorD2Ev
                0x0000000010005164       0x18 /usr/lib/gcc/arm-none-eabi/9.2.1/../../../arm-none-eabi/lib/thumb/v6-m/nofp/libstdc++.a(stdexcept.o)
                0x0000000010005164                std::length_error::~length_error()
                0x0000000010005164                std::length_error::~length_error()
 .text._ZNSt12length_errorD0Ev
                0x000000001000517c       0x1c /usr/lib/gcc/arm-none-eabi/9.2.1/../../../arm-none-eabi/lib/thumb/v6-m/nofp/libstdc++.a(stdexcept.o)
                0x000000001000517c                std::length_error::~length_error()
 .text._ZNSt12out_of_rangeD2Ev
                0x0000000010005198       0x18 /usr/lib/gcc/arm-none-eabi/9.2.1/../../../arm-none-eabi/lib/thumb/v6-m/nofp/libstdc++.a(stdexcept.o)
                0x0000000010005198                std::out_of_range::~out_of_range()
                0x0000000010005198                std::out_of_range::~out_of_range()
 .text._ZNSt12out_of_rangeD0Ev
                0x00000000100051b0       0x1c /usr/lib/gcc/arm-none-eabi/9.2.1/../../../arm-none-eabi/lib/thumb/v6-m/nofp/libstdc++.a(stdexcept.o)
                0x00000000100051b0                std::out_of_range::~out_of_range()
 .text._ZNSt11logic_errorC2EPKc
                0x00000000100051cc       0x24 /usr/lib/gcc/arm-none-eabi/9.2.1/../../../arm-none-eabi/lib/thumb/v6-m/nofp/libstdc++.a(cow-stdexcept.o)
                0x00000000100051cc                std::logic_error::logic_error(char const*)
                0x00000000100051cc                std::logic_error::logic_error(char const*)
 .text._ZNSt12length_errorC2EPKc
                0x00000000100051f0       0x14 /usr/lib/gcc/arm-none-eabi/9.2.1/../../../arm-none-eabi/lib/thumb/v6-m/nofp/libstdc++.a(cow-stdexcept.o)
                0x00000000100051f0                std::length_error::length_error(char const*)
                0x00000000100051f0                std::length_error::length_error(char const*)
 .text._ZNSt12out_of_rangeC2EPKc
                0x0000000010005204       0x14 /usr/lib/gcc/arm-none-eabi/9.2.1/../../../arm-none-eabi/lib/thumb/v6-m/nofp/libstdc++.a(cow-stdexcept.o)
                0x0000000010005204                std::out_of_range::out_of_range(char const*)
                0x0000000010005204                std::out_of_range::out_of_range(char const*)
 .text._ZNSs4_Rep9_S_createEjjRKSaIcE
                0x0000000010005218       0x64 /usr/lib/gcc/arm-none-eabi/9.2.1/../../../arm-none-eabi/lib/thumb/v6-m/nofp/libstdc++.a(cow-string-inst.o)
                0x0000000010005218                std::string::_Rep::_S_create(unsigned int, unsigned int, std::allocator<char> const&)
 .text._ZNSs12_S_constructIPcEES0_T_S1_RKSaIcESt20forward_iterator_tag.part.0
                0x000000001000527c       0x48 /usr/lib/gcc/arm-none-eabi/9.2.1/../../../arm-none-eabi/lib/thumb/v6-m/nofp/libstdc++.a(cow-string-inst.o)
 .text._ZNSs4_Rep10_M_destroyERKSaIcE
                0x00000000100052c4        0x8 /usr/lib/gcc/arm-none-eabi/9.2.1/../../../arm-none-eabi/lib/thumb/v6-m/nofp/libstdc++.a(cow-string-inst.o)
                0x00000000100052c4                std::string::_Rep::_M_destroy(std::allocator<char> const&)
 .text._ZNSs12_S_constructIPKcEEPcT_S3_RKSaIcESt20forward_iterator_tag
                0x00000000100052cc       0x24 /usr/lib/gcc/arm-none-eabi/9.2.1/../../../arm-none-eabi/lib/thumb/v6-m/nofp/libstdc++.a(cow-string-inst.o)
                0x00000000100052cc                char* std::string::_S_construct<char const*>(char const*, char const*, std::allocator<char> const&, std::forward_iterator_tag)
 .text._ZNSsC2EPKcRKSaIcE
                0x00000000100052f0       0x2c /usr/lib/gcc/arm-none-eabi/9.2.1/../../../arm-none-eabi/lib/thumb/v6-m/nofp/libstdc++.a(cow-string-inst.o)
                0x00000000100052f0                std::basic_string<char, std::char_traits<char>, std::allocator<char> >::basic_string(char const*, std::allocator<char> const&)
                0x00000000100052f0                std::basic_string<char, std::char_traits<char>, std::allocator<char> >::basic_string(char const*, std::allocator<char> const&)
 .text._ZN10__cxxabiv1L24__is_gxx_exception_classEPc
                0x000000001000531c       0x3c /usr/lib/gcc/arm-none-eabi/9.2.1/../../../arm-none-eabi/lib/thumb/v6-m/nofp/libstdc++.a(eh_call.o)
 .text.__cxa_call_terminate
                0x0000000010005358       0x20 /usr/lib/gcc/arm-none-eabi/9.2.1/../../../arm-none-eabi/lib/thumb/v6-m/nofp/libstdc++.a(eh_call.o)
                0x0000000010005358                __cxa_call_terminate
 .text.unlikely.__cxa_call_unexpected
                0x0000000010005378      0x100 /usr/lib/gcc/arm-none-eabi/9.2.1/../../../arm-none-eabi/lib/thumb/v6-m/nofp/libstdc++.a(eh_call.o)
                0x0000000010005378                __cxa_call_unexpected
 .text.__cxa_begin_catch
                0x0000000010005478       0x74 /usr/lib/gcc/arm-none-eabi/9.2.1/../../../arm-none-eabi/lib/thumb/v6-m/nofp/libstdc++.a(eh_catch.o)
                0x0000000010005478                __cxa_begin_catch
 .text.__cxa_end_catch
                0x00000000100054ec       0x90 /usr/lib/gcc/arm-none-eabi/9.2.1/../../../arm-none-eabi/lib/thumb/v6-m/nofp/libstdc++.a(eh_catch.o)
                0x00000000100054ec                __cxa_end_catch
 .text          0x000000001000557c       0x10 /usr/lib/gcc/arm-none-eabi/9.2.1/../../../arm-none-eabi/lib/thumb/v6-m/nofp/libc.a(lib_a-abort.o)
                0x000000001000557c                abort
 .text          0x000000001000558c       0x28 /usr/lib/gcc/arm-none-eabi/9.2.1/../../../arm-none-eabi/lib/thumb/v6-m/nofp/libc.a(lib_a-malloc.o)
                0x000000001000558c                malloc
                0x00000000100055a0                free
 .text          0x00000000100055b4      0x58c /usr/lib/gcc/arm-none-eabi/9.2.1/../../../arm-none-eabi/lib/thumb/v6-m/nofp/libc.a(lib_a-mallocr.o)
                0x00000000100055b4                _malloc_r
 .text          0x0000000010005b40        0x8 /usr/lib/gcc/arm-none-eabi/9.2.1/../../../arm-none-eabi/lib/thumb/v6-m/nofp/libc.a(lib_a-mlock.o)
                0x0000000010005b40                __malloc_lock
                0x0000000010005b44                __malloc_unlock
 .text          0x0000000010005b48       0x24 /usr/lib/gcc/arm-none-eabi/9.2.1/../../../arm-none-eabi/lib/thumb/v6-m/nofp/libc.a(lib_a-sbrkr.o)
                0x0000000010005b48                _sbrk_r
 .text          0x0000000010005b6c      0x190 /usr/lib/gcc/arm-none-eabi/9.2.1/../../../arm-none-eabi/lib/thumb/v6-m/nofp/libc.a(lib_a-signal.o)
                0x0000000010005b98                _init_signal_r
                0x0000000010005bb4                _signal_r
                0x0000000010005bf0                _raise_r
                0x0000000010005c4c                __sigtramp_r
                0x0000000010005c9c                raise
                0x0000000010005cb0                signal
                0x0000000010005cc8                _init_signal
                0x0000000010005ce8                __sigtramp
 .text          0x0000000010005cfc       0x30 /usr/lib/gcc/arm-none-eabi/9.2.1/../../../arm-none-eabi/lib/thumb/v6-m/nofp/libc.a(lib_a-signalr.o)
                0x0000000010005cfc                _kill_r
                0x0000000010005d24                _getpid_r
 .text          0x0000000010005d2c       0x88 /usr/lib/gcc/arm-none-eabi/9.2.1/../../../arm-none-eabi/lib/thumb/v6-m/nofp/libc.a(lib_a-strcmp.o)
                0x0000000010005d2c                strcmp
 .text          0x0000000010005db4       0x68 /usr/lib/gcc/arm-none-eabi/9.2.1/../../../arm-none-eabi/lib/thumb/v6-m/nofp/libc.a(lib_a-strlen-stub.o)
                0x0000000010005db4                strlen
 .text          0x0000000010005e1c      0x27c /usr/lib/gcc/arm-none-eabi/9.2.1/../../../arm-none-eabi/lib/thumb/v6-m/nofp/libc.a(lib_a-freer.o)
                0x0000000010005e1c                _malloc_trim_r
                0x0000000010005ebc                _free_r
 *(.fini)
 .fini          0x0000000010006098        0x4 /usr/lib/gcc/arm-none-eabi/9.2.1/thumb/v6-m/nofp/crti.o
                0x0000000010006098                _fini
 *fill*         0x000000001000609c        0x4 
 .fini.__stub   0x00000000100060a0      0x110 linker stubs
 *crtbegin.o(.ctors)
 *crtbegin?.o(.ctors)
 *(EXCLUDE_FILE(*crtend.o *crtend?.o) .ctors)
 *(SORT_BY_NAME(.ctors.*))
 *(.ctors)
 *crtbegin.o(.dtors)
 *crtbegin?.o(.dtors)
 *(EXCLUDE_FILE(*crtend.o *crtend?.o) .dtors)
 *(SORT_BY_NAME(.dtors.*))
 *(.dtors)
 *(.eh_frame*)
 .eh_frame      0x00000000100061b0        0x0 /usr/lib/gcc/arm-none-eabi/9.2.1/thumb/v6-m/nofp/crtbegin.o
                0x00000000100061b0                . = ALIGN (0x4)

.glue_7         0x00000000100061b0        0x0
 .glue_7        0x00000000100061b0        0x0 linker stubs

.glue_7t        0x00000000100061b0        0x0
 .glue_7t       0x00000000100061b0        0x0 linker stubs

.vfp11_veneer   0x00000000100061b0        0x0
 .vfp11_veneer  0x00000000100061b0        0x0 linker stubs

.v4_bx          0x00000000100061b0        0x0
 .v4_bx         0x00000000100061b0        0x0 linker stubs

.iplt           0x00000000100061b0        0x0
 .iplt          0x00000000100061b0        0x0 /usr/lib/gcc/arm-none-eabi/9.2.1/thumb/v6-m/nofp/crtbegin.o

.rodata         0x00000000100061b0     0x110c
 *(EXCLUDE_FILE(*libm.a: *libc.a:*lib_a-mem*.o *libgcc.a:) .rodata*)
 .rodata.main.str1.1
                0x00000000100061b0       0x46 CMakeFiles/20x4_display.dir/main.cpp.obj
 .rodata.str1.1
                0x00000000100061f6       0x43 CMakeFiles/20x4_display.dir/main.cpp.obj
 .rodata._ZZ4mainE7__bi_14
                0x0000000010006239        0xc CMakeFiles/20x4_display.dir/main.cpp.obj
 .rodata._ZZ4mainE7__bi_15
                0x0000000010006245        0xc CMakeFiles/20x4_display.dir/main.cpp.obj
 .rodata._ZNK7LCD_I2C9SetCursorEhh.str1.1
                0x0000000010006251       0x34 CMakeFiles/20x4_display.dir/home/ubuntu/pico/projects/EX-6/Pico-I2C-LCD/LCD_I2C.cpp.obj
 .rodata.resolve_branch.str1.1
                0x0000000010006285       0x52 CMakeFiles/20x4_display.dir/home/ubuntu/pico/pico-sdk/src/rp2_common/hardware_irq/irq.c.obj
 .rodata.make_branch.str1.1
                0x00000000100062d7       0x30 CMakeFiles/20x4_display.dir/home/ubuntu/pico/pico-sdk/src/rp2_common/hardware_irq/irq.c.obj
 .rodata.irq_set_exclusive_handler.str1.1
                0x0000000010006307       0x36 CMakeFiles/20x4_display.dir/home/ubuntu/pico/pico-sdk/src/rp2_common/hardware_irq/irq.c.obj
 .rodata.irq_remove_handler.str1.1
                0x000000001000633d       0x48 CMakeFiles/20x4_display.dir/home/ubuntu/pico/pico-sdk/src/rp2_common/hardware_irq/irq.c.obj
 .rodata.irq_add_tail_to_free_list.str1.1
                0x0000000010006385       0x38 CMakeFiles/20x4_display.dir/home/ubuntu/pico/pico-sdk/src/rp2_common/hardware_irq/irq.c.obj
 .rodata.__func__.4311
                0x00000000100063bd       0x1a CMakeFiles/20x4_display.dir/home/ubuntu/pico/pico-sdk/src/rp2_common/hardware_irq/irq.c.obj
 .rodata.__func__.4325
                0x00000000100063d7        0xc CMakeFiles/20x4_display.dir/home/ubuntu/pico/pico-sdk/src/rp2_common/hardware_irq/irq.c.obj
 .rodata.__func__.4333
                0x00000000100063e3       0x17 CMakeFiles/20x4_display.dir/home/ubuntu/pico/pico-sdk/src/rp2_common/hardware_irq/irq.c.obj
 .rodata.__func__.4337
                0x00000000100063fa        0xf CMakeFiles/20x4_display.dir/home/ubuntu/pico/pico-sdk/src/rp2_common/hardware_irq/irq.c.obj
 .rodata.__func__.4376
                0x0000000010006409       0x13 CMakeFiles/20x4_display.dir/home/ubuntu/pico/pico-sdk/src/rp2_common/hardware_irq/irq.c.obj
 .rodata.__func__.4398
                0x000000001000641c       0x1a CMakeFiles/20x4_display.dir/home/ubuntu/pico/pico-sdk/src/rp2_common/hardware_irq/irq.c.obj
 .rodata.str1.1
                0x0000000010006436       0x86 CMakeFiles/20x4_display.dir/home/ubuntu/pico/pico-sdk/src/common/pico_sync/mutex.c.obj
 .rodata.__func__.4226
                0x00000000100064bc       0x18 CMakeFiles/20x4_display.dir/home/ubuntu/pico/pico-sdk/src/common/pico_sync/mutex.c.obj
 .rodata.__func__.4245
                0x00000000100064d4        0xb CMakeFiles/20x4_display.dir/home/ubuntu/pico/pico-sdk/src/common/pico_sync/mutex.c.obj
 .rodata.get_entry.str1.1
                0x00000000100064df       0x59 CMakeFiles/20x4_display.dir/home/ubuntu/pico/pico-sdk/src/common/pico_time/time.c.obj
 .rodata.update_us_since_boot.isra.0.part.0.str1.1
                0x0000000010006538       0x60 CMakeFiles/20x4_display.dir/home/ubuntu/pico/pico-sdk/src/common/pico_time/time.c.obj
 .rodata.ph_get_node.str1.1
                0x0000000010006598       0x66 CMakeFiles/20x4_display.dir/home/ubuntu/pico/pico-sdk/src/common/pico_time/time.c.obj
 .rodata.ph_add_child_node.str1.1
                0x00000000100065fe       0x20 CMakeFiles/20x4_display.dir/home/ubuntu/pico/pico-sdk/src/common/pico_time/time.c.obj
                                         0x29 (size before relaxing)
 .rodata.add_alarm_under_lock.str1.1
                0x000000001000661e       0x28 CMakeFiles/20x4_display.dir/home/ubuntu/pico/pico-sdk/src/common/pico_time/time.c.obj
 .rodata.alarm_pool_alarm_callback.str1.1
                0x0000000010006646       0x91 CMakeFiles/20x4_display.dir/home/ubuntu/pico/pico-sdk/src/common/pico_time/time.c.obj
 .rodata.alarm_pool_get_default.str1.1
                0x00000000100066d7       0x21 CMakeFiles/20x4_display.dir/home/ubuntu/pico/pico-sdk/src/common/pico_time/time.c.obj
 .rodata.alarm_pool_cancel_alarm.str1.1
                0x00000000100066f8       0x27 CMakeFiles/20x4_display.dir/home/ubuntu/pico/pico-sdk/src/common/pico_time/time.c.obj
 .rodata.sleep_until.str1.1
                0x000000001000671f       0x4d CMakeFiles/20x4_display.dir/home/ubuntu/pico/pico-sdk/src/common/pico_time/time.c.obj
 .rodata.__func__.5203
                0x000000001000676c       0x15 CMakeFiles/20x4_display.dir/home/ubuntu/pico/pico-sdk/src/common/pico_time/time.c.obj
 .rodata.__func__.5547
                0x0000000010006781        0xc CMakeFiles/20x4_display.dir/home/ubuntu/pico/pico-sdk/src/common/pico_time/time.c.obj
 .rodata.__func__.5554
                0x000000001000678d       0x12 CMakeFiles/20x4_display.dir/home/ubuntu/pico/pico-sdk/src/common/pico_time/time.c.obj
 .rodata.__func__.5592
                0x000000001000679f        0xd CMakeFiles/20x4_display.dir/home/ubuntu/pico/pico-sdk/src/common/pico_time/time.c.obj
 .rodata.__func__.5821
                0x00000000100067ac        0xa CMakeFiles/20x4_display.dir/home/ubuntu/pico/pico-sdk/src/common/pico_time/time.c.obj
 .rodata.__func__.5826
                0x00000000100067b6       0x12 CMakeFiles/20x4_display.dir/home/ubuntu/pico/pico-sdk/src/common/pico_time/time.c.obj
 .rodata.__func__.5841
                0x00000000100067c8       0x17 CMakeFiles/20x4_display.dir/home/ubuntu/pico/pico-sdk/src/common/pico_time/time.c.obj
 .rodata.__func__.5852
                0x00000000100067df       0x15 CMakeFiles/20x4_display.dir/home/ubuntu/pico/pico-sdk/src/common/pico_time/time.c.obj
 .rodata.__func__.5869
                0x00000000100067f4       0x1a CMakeFiles/20x4_display.dir/home/ubuntu/pico/pico-sdk/src/common/pico_time/time.c.obj
 .rodata.__func__.5922
                0x000000001000680e       0x18 CMakeFiles/20x4_display.dir/home/ubuntu/pico/pico-sdk/src/common/pico_time/time.c.obj
 .rodata.hardware_alarm_claim.str1.1
                0x0000000010006826       0x22 CMakeFiles/20x4_display.dir/home/ubuntu/pico/pico-sdk/src/rp2_common/hardware_timer/timer.c.obj
 .rodata.hardware_alarm_set_target.str1.1
                0x0000000010006848       0x62 CMakeFiles/20x4_display.dir/home/ubuntu/pico/pico-sdk/src/rp2_common/hardware_timer/timer.c.obj
 .rodata.__func__.4092
                0x00000000100068aa       0x1a CMakeFiles/20x4_display.dir/home/ubuntu/pico/pico-sdk/src/rp2_common/hardware_timer/timer.c.obj
 .rodata.ph_get_node.str1.1
                0x00000000100068c4       0x66 CMakeFiles/20x4_display.dir/home/ubuntu/pico/pico-sdk/src/common/pico_util/pheap.c.obj
 .rodata.ph_add_child_node.str1.1
                0x00000000100068c4       0x29 CMakeFiles/20x4_display.dir/home/ubuntu/pico/pico-sdk/src/common/pico_util/pheap.c.obj
 .rodata.ph_remove_any_head.str1.1
                0x00000000100068c4       0x81 CMakeFiles/20x4_display.dir/home/ubuntu/pico/pico-sdk/src/common/pico_util/pheap.c.obj
                                         0x9d (size before relaxing)
 .rodata.ph_remove_and_free_node.str1.1
                0x0000000010006945       0x1e CMakeFiles/20x4_display.dir/home/ubuntu/pico/pico-sdk/src/common/pico_util/pheap.c.obj
                                         0x24 (size before relaxing)
 .rodata.__func__.5228
                0x0000000010006963        0xc CMakeFiles/20x4_display.dir/home/ubuntu/pico/pico-sdk/src/common/pico_util/pheap.c.obj
 .rodata.__func__.5235
                0x000000001000696f       0x12 CMakeFiles/20x4_display.dir/home/ubuntu/pico/pico-sdk/src/common/pico_util/pheap.c.obj
 .rodata.__func__.5321
                0x0000000010006981       0x13 CMakeFiles/20x4_display.dir/home/ubuntu/pico/pico-sdk/src/common/pico_util/pheap.c.obj
 .rodata.__func__.5339
                0x0000000010006994       0x18 CMakeFiles/20x4_display.dir/home/ubuntu/pico/pico-sdk/src/common/pico_util/pheap.c.obj
 .rodata.clock_configure.str1.1
                0x00000000100069ac       0x54 CMakeFiles/20x4_display.dir/home/ubuntu/pico/pico-sdk/src/rp2_common/hardware_clocks/clocks.c.obj
 .rodata.__func__.4278
                0x0000000010006a00       0x10 CMakeFiles/20x4_display.dir/home/ubuntu/pico/pico-sdk/src/rp2_common/hardware_clocks/clocks.c.obj
 .rodata.pll_init.str1.1
                0x0000000010006a10      0x101 CMakeFiles/20x4_display.dir/home/ubuntu/pico/pico-sdk/src/rp2_common/hardware_pll/pll.c.obj
 .rodata.__func__.3935
                0x0000000010006b11        0x9 CMakeFiles/20x4_display.dir/home/ubuntu/pico/pico-sdk/src/rp2_common/hardware_pll/pll.c.obj
 .rodata.__assert_func.str1.1
                0x0000000010006b1a       0x3c CMakeFiles/20x4_display.dir/home/ubuntu/pico/pico-sdk/src/rp2_common/pico_runtime/runtime.c.obj
                                         0x3d (size before relaxing)
 .rodata.runtime_init.str1.1
                0x0000000010006b56       0x5e CMakeFiles/20x4_display.dir/home/ubuntu/pico/pico-sdk/src/rp2_common/pico_runtime/runtime.c.obj
 .rodata.panic.str1.1
                0x0000000010006bb4       0x10 CMakeFiles/20x4_display.dir/home/ubuntu/pico/pico-sdk/src/rp2_common/pico_runtime/runtime.c.obj
                                         0x12 (size before relaxing)
 .rodata.__func__.5889
                0x0000000010006bc4        0xd CMakeFiles/20x4_display.dir/home/ubuntu/pico/pico-sdk/src/rp2_common/pico_runtime/runtime.c.obj
 .rodata._ftoa.str1.1
                0x0000000010006bd1       0x12 CMakeFiles/20x4_display.dir/home/ubuntu/pico/pico-sdk/src/rp2_common/pico_printf/printf.c.obj
 *fill*         0x0000000010006be3        0x5 
 .rodata.pow10.4933
                0x0000000010006be8       0x50 CMakeFiles/20x4_display.dir/home/ubuntu/pico/pico-sdk/src/rp2_common/pico_printf/printf.c.obj
 .rodata.__aeabi_double_init.str1.1
                0x0000000010006c38       0x9a CMakeFiles/20x4_display.dir/home/ubuntu/pico/pico-sdk/src/rp2_common/pico_double/double_init_rom.c.obj
 .rodata.__func__.4239
                0x0000000010006cd2       0x14 CMakeFiles/20x4_display.dir/home/ubuntu/pico/pico-sdk/src/rp2_common/pico_double/double_init_rom.c.obj
 .rodata.__aeabi_float_init.str1.1
                0x0000000010006ce6       0x78 CMakeFiles/20x4_display.dir/home/ubuntu/pico/pico-sdk/src/rp2_common/pico_float/float_init_rom.c.obj
                                         0x79 (size before relaxing)
 .rodata.__func__.4240
                0x0000000010006d5e       0x13 CMakeFiles/20x4_display.dir/home/ubuntu/pico/pico-sdk/src/rp2_common/pico_float/float_init_rom.c.obj
 .rodata.check_alloc.str1.1
                0x0000000010006d71        0xe CMakeFiles/20x4_display.dir/home/ubuntu/pico/pico-sdk/src/rp2_common/pico_malloc/pico_malloc.c.obj
 .rodata.str1.1
                0x0000000010006d7f       0xd9 CMakeFiles/20x4_display.dir/home/ubuntu/pico/pico-sdk/src/rp2_common/pico_standard_link/binary_info.c.obj
 .rodata.__bi_44
                0x0000000010006e58        0xc CMakeFiles/20x4_display.dir/home/ubuntu/pico/pico-sdk/src/rp2_common/pico_standard_link/binary_info.c.obj
 .rodata.__bi_63
                0x0000000010006e64        0xc CMakeFiles/20x4_display.dir/home/ubuntu/pico/pico-sdk/src/rp2_common/pico_standard_link/binary_info.c.obj
 .rodata.__bi_69
                0x0000000010006e70        0xc CMakeFiles/20x4_display.dir/home/ubuntu/pico/pico-sdk/src/rp2_common/pico_standard_link/binary_info.c.obj
 .rodata.__bi_75
                0x0000000010006e7c        0xc CMakeFiles/20x4_display.dir/home/ubuntu/pico/pico-sdk/src/rp2_common/pico_standard_link/binary_info.c.obj
 .rodata.__bi_81
                0x0000000010006e88        0xc CMakeFiles/20x4_display.dir/home/ubuntu/pico/pico-sdk/src/rp2_common/pico_standard_link/binary_info.c.obj
 .rodata.update_us_since_boot.isra.0.part.0.str1.1
                0x0000000010006e94       0x60 CMakeFiles/20x4_display.dir/home/ubuntu/pico/pico-sdk/src/rp2_common/pico_stdio/stdio.c.obj
 .rodata.__func__.5065
                0x0000000010006e94       0x15 CMakeFiles/20x4_display.dir/home/ubuntu/pico/pico-sdk/src/rp2_common/pico_stdio/stdio.c.obj
 .rodata.crlf_str.5581
                0x0000000010006ea9        0x2 CMakeFiles/20x4_display.dir/home/ubuntu/pico/pico-sdk/src/rp2_common/pico_stdio/stdio.c.obj
 .rodata.i2c_set_baudrate.str1.1
                0x0000000010006eab       0x5b CMakeFiles/20x4_display.dir/home/ubuntu/pico/pico-sdk/src/rp2_common/hardware_i2c/i2c.c.obj
 .rodata.__func__.4346
                0x0000000010006f06       0x11 CMakeFiles/20x4_display.dir/home/ubuntu/pico/pico-sdk/src/rp2_common/hardware_i2c/i2c.c.obj
 *fill*         0x0000000010006f17        0x1 
 .rodata._ZTIN9__gnu_cxx20recursive_init_errorE
                0x0000000010006f18        0xc /usr/lib/gcc/arm-none-eabi/9.2.1/../../../arm-none-eabi/lib/thumb/v6-m/nofp/libstdc++.a(guard_error.o)
                0x0000000010006f18                typeinfo for __gnu_cxx::recursive_init_error
 .rodata._ZTSN9__gnu_cxx20recursive_init_errorE
                0x0000000010006f24       0x23 /usr/lib/gcc/arm-none-eabi/9.2.1/../../../arm-none-eabi/lib/thumb/v6-m/nofp/libstdc++.a(guard_error.o)
                0x0000000010006f24                typeinfo name for __gnu_cxx::recursive_init_error
 *fill*         0x0000000010006f47        0x1 
 .rodata._ZTVN9__gnu_cxx20recursive_init_errorE
                0x0000000010006f48       0x14 /usr/lib/gcc/arm-none-eabi/9.2.1/../../../arm-none-eabi/lib/thumb/v6-m/nofp/libstdc++.a(guard_error.o)
                0x0000000010006f48                vtable for __gnu_cxx::recursive_init_error
 .rodata._ZTIN10__cxxabiv120__si_class_type_infoE
                0x0000000010006f5c        0xc /usr/lib/gcc/arm-none-eabi/9.2.1/../../../arm-none-eabi/lib/thumb/v6-m/nofp/libstdc++.a(si_class_type_info.o)
                0x0000000010006f5c                typeinfo for __cxxabiv1::__si_class_type_info
 .rodata._ZTSN10__cxxabiv120__si_class_type_infoE
                0x0000000010006f68       0x25 /usr/lib/gcc/arm-none-eabi/9.2.1/../../../arm-none-eabi/lib/thumb/v6-m/nofp/libstdc++.a(si_class_type_info.o)
                0x0000000010006f68                typeinfo name for __cxxabiv1::__si_class_type_info
 *fill*         0x0000000010006f8d        0x3 
 .rodata._ZTVN10__cxxabiv120__si_class_type_infoE
                0x0000000010006f90       0x2c /usr/lib/gcc/arm-none-eabi/9.2.1/../../../arm-none-eabi/lib/thumb/v6-m/nofp/libstdc++.a(si_class_type_info.o)
                0x0000000010006f90                vtable for __cxxabiv1::__si_class_type_info
 .rodata._ZTISt9type_info
                0x0000000010006fbc        0x8 /usr/lib/gcc/arm-none-eabi/9.2.1/../../../arm-none-eabi/lib/thumb/v6-m/nofp/libstdc++.a(tinfo.o)
                0x0000000010006fbc                typeinfo for std::type_info
 .rodata._ZTSSt9type_info
                0x0000000010006fc4        0xd /usr/lib/gcc/arm-none-eabi/9.2.1/../../../arm-none-eabi/lib/thumb/v6-m/nofp/libstdc++.a(tinfo.o)
                0x0000000010006fc4                typeinfo name for std::type_info
 *fill*         0x0000000010006fd1        0x3 
 .rodata._ZN9__gnu_cxx26__throw_insufficient_spaceEPKcS1_.str1.4
                0x0000000010006fd4       0x69 /usr/lib/gcc/arm-none-eabi/9.2.1/../../../arm-none-eabi/lib/thumb/v6-m/nofp/libstdc++.a(snprintf_lite.o)
 *fill*         0x000000001000703d        0x3 
 .rodata._ZN9__gnu_cxx15__concat_size_tEPcjj.str1.4
                0x0000000010007040        0xb /usr/lib/gcc/arm-none-eabi/9.2.1/../../../arm-none-eabi/lib/thumb/v6-m/nofp/libstdc++.a(snprintf_lite.o)
 *fill*         0x000000001000704b        0x1 
 .rodata._ZNKSt9bad_alloc4whatEv.str1.4
                0x000000001000704c        0xf /usr/lib/gcc/arm-none-eabi/9.2.1/../../../arm-none-eabi/lib/thumb/v6-m/nofp/libstdc++.a(bad_alloc.o)
 *fill*         0x000000001000705b        0x1 
 .rodata._ZTISt9bad_alloc
                0x000000001000705c        0xc /usr/lib/gcc/arm-none-eabi/9.2.1/../../../arm-none-eabi/lib/thumb/v6-m/nofp/libstdc++.a(bad_alloc.o)
                0x000000001000705c                typeinfo for std::bad_alloc
 .rodata._ZTSSt9bad_alloc
                0x0000000010007068        0xd /usr/lib/gcc/arm-none-eabi/9.2.1/../../../arm-none-eabi/lib/thumb/v6-m/nofp/libstdc++.a(bad_alloc.o)
                0x0000000010007068                typeinfo name for std::bad_alloc
 *fill*         0x0000000010007075        0x3 
 .rodata._ZTVSt9bad_alloc
                0x0000000010007078       0x14 /usr/lib/gcc/arm-none-eabi/9.2.1/../../../arm-none-eabi/lib/thumb/v6-m/nofp/libstdc++.a(bad_alloc.o)
                0x0000000010007078                vtable for std::bad_alloc
 .rodata._ZTIN10__cxxabiv117__class_type_infoE
                0x000000001000708c        0xc /usr/lib/gcc/arm-none-eabi/9.2.1/../../../arm-none-eabi/lib/thumb/v6-m/nofp/libstdc++.a(class_type_info.o)
                0x000000001000708c                typeinfo for __cxxabiv1::__class_type_info
 .rodata._ZTSN10__cxxabiv117__class_type_infoE
                0x0000000010007098       0x22 /usr/lib/gcc/arm-none-eabi/9.2.1/../../../arm-none-eabi/lib/thumb/v6-m/nofp/libstdc++.a(class_type_info.o)
                0x0000000010007098                typeinfo name for __cxxabiv1::__class_type_info
 *fill*         0x00000000100070ba        0x2 
 .rodata._ZTVN10__cxxabiv117__class_type_infoE
                0x00000000100070bc       0x2c /usr/lib/gcc/arm-none-eabi/9.2.1/../../../arm-none-eabi/lib/thumb/v6-m/nofp/libstdc++.a(class_type_info.o)
                0x00000000100070bc                vtable for __cxxabiv1::__class_type_info
 .rodata._ZNKSt9exception4whatEv.str1.4
                0x00000000100070e8        0xf /usr/lib/gcc/arm-none-eabi/9.2.1/../../../arm-none-eabi/lib/thumb/v6-m/nofp/libstdc++.a(eh_exception.o)
 *fill*         0x00000000100070f7        0x1 
 .rodata._ZNKSt13bad_exception4whatEv.str1.4
                0x00000000100070f8       0x13 /usr/lib/gcc/arm-none-eabi/9.2.1/../../../arm-none-eabi/lib/thumb/v6-m/nofp/libstdc++.a(eh_exception.o)
 *fill*         0x000000001000710b        0x1 
 .rodata._ZTIN10__cxxabiv115__forced_unwindE
                0x000000001000710c        0x8 /usr/lib/gcc/arm-none-eabi/9.2.1/../../../arm-none-eabi/lib/thumb/v6-m/nofp/libstdc++.a(eh_exception.o)
                0x000000001000710c                typeinfo for __cxxabiv1::__forced_unwind
 .rodata._ZTIN10__cxxabiv119__foreign_exceptionE
                0x0000000010007114        0x8 /usr/lib/gcc/arm-none-eabi/9.2.1/../../../arm-none-eabi/lib/thumb/v6-m/nofp/libstdc++.a(eh_exception.o)
                0x0000000010007114                typeinfo for __cxxabiv1::__foreign_exception
 .rodata._ZTISt13bad_exception
                0x000000001000711c        0xc /usr/lib/gcc/arm-none-eabi/9.2.1/../../../arm-none-eabi/lib/thumb/v6-m/nofp/libstdc++.a(eh_exception.o)
                0x000000001000711c                typeinfo for std::bad_exception
 .rodata._ZTISt9exception
                0x0000000010007128        0x8 /usr/lib/gcc/arm-none-eabi/9.2.1/../../../arm-none-eabi/lib/thumb/v6-m/nofp/libstdc++.a(eh_exception.o)
                0x0000000010007128                typeinfo for std::exception
 .rodata._ZTSN10__cxxabiv115__forced_unwindE
                0x0000000010007130       0x20 /usr/lib/gcc/arm-none-eabi/9.2.1/../../../arm-none-eabi/lib/thumb/v6-m/nofp/libstdc++.a(eh_exception.o)
                0x0000000010007130                typeinfo name for __cxxabiv1::__forced_unwind
 .rodata._ZTSN10__cxxabiv119__foreign_exceptionE
                0x0000000010007150       0x24 /usr/lib/gcc/arm-none-eabi/9.2.1/../../../arm-none-eabi/lib/thumb/v6-m/nofp/libstdc++.a(eh_exception.o)
                0x0000000010007150                typeinfo name for __cxxabiv1::__foreign_exception
 .rodata._ZTSSt13bad_exception
                0x0000000010007174       0x12 /usr/lib/gcc/arm-none-eabi/9.2.1/../../../arm-none-eabi/lib/thumb/v6-m/nofp/libstdc++.a(eh_exception.o)
                0x0000000010007174                typeinfo name for std::bad_exception
 *fill*         0x0000000010007186        0x2 
 .rodata._ZTSSt9exception
                0x0000000010007188        0xd /usr/lib/gcc/arm-none-eabi/9.2.1/../../../arm-none-eabi/lib/thumb/v6-m/nofp/libstdc++.a(eh_exception.o)
                0x0000000010007188                typeinfo name for std::exception
 *fill*         0x0000000010007195        0x3 
 .rodata._ZTVSt13bad_exception
                0x0000000010007198       0x14 /usr/lib/gcc/arm-none-eabi/9.2.1/../../../arm-none-eabi/lib/thumb/v6-m/nofp/libstdc++.a(eh_exception.o)
                0x0000000010007198                vtable for std::bad_exception
 .rodata._ZL28read_encoded_value_with_basehjPKhPj
                0x00000000100071ac       0x34 /usr/lib/gcc/arm-none-eabi/9.2.1/../../../arm-none-eabi/lib/thumb/v6-m/nofp/libstdc++.a(eh_personality.o)
 .rodata._ZTISt11logic_error
                0x00000000100071e0        0xc /usr/lib/gcc/arm-none-eabi/9.2.1/../../../arm-none-eabi/lib/thumb/v6-m/nofp/libstdc++.a(stdexcept.o)
                0x00000000100071e0                typeinfo for std::logic_error
 .rodata._ZTISt12length_error
                0x00000000100071ec        0xc /usr/lib/gcc/arm-none-eabi/9.2.1/../../../arm-none-eabi/lib/thumb/v6-m/nofp/libstdc++.a(stdexcept.o)
                0x00000000100071ec                typeinfo for std::length_error
 .rodata._ZTISt12out_of_range
                0x00000000100071f8        0xc /usr/lib/gcc/arm-none-eabi/9.2.1/../../../arm-none-eabi/lib/thumb/v6-m/nofp/libstdc++.a(stdexcept.o)
                0x00000000100071f8                typeinfo for std::out_of_range
 .rodata._ZTSSt11logic_error
                0x0000000010007204       0x10 /usr/lib/gcc/arm-none-eabi/9.2.1/../../../arm-none-eabi/lib/thumb/v6-m/nofp/libstdc++.a(stdexcept.o)
                0x0000000010007204                typeinfo name for std::logic_error
 .rodata._ZTSSt12length_error
                0x0000000010007214       0x11 /usr/lib/gcc/arm-none-eabi/9.2.1/../../../arm-none-eabi/lib/thumb/v6-m/nofp/libstdc++.a(stdexcept.o)
                0x0000000010007214                typeinfo name for std::length_error
 *fill*         0x0000000010007225        0x3 
 .rodata._ZTSSt12out_of_range
                0x0000000010007228       0x11 /usr/lib/gcc/arm-none-eabi/9.2.1/../../../arm-none-eabi/lib/thumb/v6-m/nofp/libstdc++.a(stdexcept.o)
                0x0000000010007228                typeinfo name for std::out_of_range
 *fill*         0x0000000010007239        0x3 
 .rodata._ZTVSt11logic_error
                0x000000001000723c       0x14 /usr/lib/gcc/arm-none-eabi/9.2.1/../../../arm-none-eabi/lib/thumb/v6-m/nofp/libstdc++.a(stdexcept.o)
                0x000000001000723c                vtable for std::logic_error
 .rodata._ZTVSt12length_error
                0x0000000010007250       0x14 /usr/lib/gcc/arm-none-eabi/9.2.1/../../../arm-none-eabi/lib/thumb/v6-m/nofp/libstdc++.a(stdexcept.o)
                0x0000000010007250                vtable for std::length_error
 .rodata._ZTVSt12out_of_range
                0x0000000010007264       0x14 /usr/lib/gcc/arm-none-eabi/9.2.1/../../../arm-none-eabi/lib/thumb/v6-m/nofp/libstdc++.a(stdexcept.o)
                0x0000000010007264                vtable for std::out_of_range
 .rodata._ZNSs4_Rep9_S_createEjjRKSaIcE.str1.4
                0x0000000010007278       0x18 /usr/lib/gcc/arm-none-eabi/9.2.1/../../../arm-none-eabi/lib/thumb/v6-m/nofp/libstdc++.a(cow-string-inst.o)
 .rodata._ZNSs12_S_constructIPcEES0_T_S1_RKSaIcESt20forward_iterator_tag.str1.4
                0x0000000010007290       0x2a /usr/lib/gcc/arm-none-eabi/9.2.1/../../../arm-none-eabi/lib/thumb/v6-m/nofp/libstdc++.a(cow-string-inst.o)
                0x00000000100072bc                . = ALIGN (0x4)
 *fill*         0x00000000100072ba        0x2 
 *(SORT_BY_ALIGNMENT(SORT_BY_NAME(.flashdata*)))
                0x00000000100072bc                . = ALIGN (0x4)

.ARM.extab      0x00000000100072bc      0x130
 *(.ARM.extab* .gnu.linkonce.armextab.*)
 .ARM.extab.text._ZNK10__cxxabiv120__si_class_type_info12__do_dyncastEiNS_17__class_type_info10__sub_kindEPKS1_PKvS4_S6_RNS1_16__dyncast_resultE
                0x00000000100072bc        0xc /usr/lib/gcc/arm-none-eabi/9.2.1/../../../arm-none-eabi/lib/thumb/v6-m/nofp/libstdc++.a(si_class_type_info.o)
 .ARM.extab.text.unlikely._ZSt19__throw_logic_errorPKc
                0x00000000100072c8       0x14 /usr/lib/gcc/arm-none-eabi/9.2.1/../../../arm-none-eabi/lib/thumb/v6-m/nofp/libstdc++.a(functexcept.o)
 .ARM.extab.text.unlikely._ZSt20__throw_length_errorPKc
                0x00000000100072dc       0x14 /usr/lib/gcc/arm-none-eabi/9.2.1/../../../arm-none-eabi/lib/thumb/v6-m/nofp/libstdc++.a(functexcept.o)
 .ARM.extab.text._ZSt24__throw_out_of_range_fmtPKcz
                0x00000000100072f0       0x1c /usr/lib/gcc/arm-none-eabi/9.2.1/../../../arm-none-eabi/lib/thumb/v6-m/nofp/libstdc++.a(functexcept.o)
 .ARM.extab.text.__cxa_type_match
                0x000000001000730c        0xc /usr/lib/gcc/arm-none-eabi/9.2.1/../../../arm-none-eabi/lib/thumb/v6-m/nofp/libstdc++.a(eh_arm.o)
 .ARM.extab.text._ZL28read_encoded_value_with_basehjPKhPj
                0x0000000010007318        0xc /usr/lib/gcc/arm-none-eabi/9.2.1/../../../arm-none-eabi/lib/thumb/v6-m/nofp/libstdc++.a(eh_personality.o)
 .ARM.extab.text.__gxx_personality_v0
                0x0000000010007324       0x28 /usr/lib/gcc/arm-none-eabi/9.2.1/../../../arm-none-eabi/lib/thumb/v6-m/nofp/libstdc++.a(eh_personality.o)
 .ARM.extab.text._ZN10__cxxabiv111__terminateEPFvvE
                0x000000001000734c       0x28 /usr/lib/gcc/arm-none-eabi/9.2.1/../../../arm-none-eabi/lib/thumb/v6-m/nofp/libstdc++.a(eh_terminate.o)
 .ARM.extab.text._ZNSt11logic_errorC2EPKc
                0x0000000010007374       0x14 /usr/lib/gcc/arm-none-eabi/9.2.1/../../../arm-none-eabi/lib/thumb/v6-m/nofp/libstdc++.a(cow-stdexcept.o)
 .ARM.extab.text._ZNSs4_Rep9_S_createEjjRKSaIcE
                0x0000000010007388        0x0 /usr/lib/gcc/arm-none-eabi/9.2.1/../../../arm-none-eabi/lib/thumb/v6-m/nofp/libstdc++.a(cow-string-inst.o)
 .ARM.extab.text._ZNSs4_Rep10_M_destroyERKSaIcE